<html>
<body>
<pre>
<h1>礦ision Build Log</h1>
<h2>Tool Versions:</h2>
IDE-Version: μVision V5.14.0.0
Copyright (C) 2015 ARM Ltd and ARM Germany GmbH. All rights reserved.
License Information: tomi Windows, HP Inc., LIC=UB401-CPSX9-XARDC-7X03W-LY2SY-R1VVI
 
Tool Versions:
Toolchain:       MDK-ARM Professional  Version: 5.14.0.0
Toolchain Path:  D:\keil\ARM\ARMCC\Bin
C Compiler:      Armcc.exe V5.05 update 1 (build 106)
Assembler:       Armasm.exe V5.05 update 1 (build 106)
Linker/Locator:  ArmLink.exe V5.05 update 1 (build 106)
Library Manager: ArmAr.exe V5.05 update 1 (build 106)
Hex Converter:   FromElf.exe V5.05 update 1 (build 106)
CPU DLL:         SARMCM3.DLL V5.14.0.0
Dialog DLL:      DCM.DLL V1.13.1.0
Target DLL:      Segger\JL2CM3.dll V2.99.13.0
Dialog DLL:      TCM.DLL V1.14.4.0
 
<h2>Project:</h2>
D:\mhj\GD32F303系列\华为hilink\GD32F30x_hilink_APP\MDK-ARM\GD32303C_EVAL.uvproj
Project File Date:  01/04/2020

<h2>Output:</h2>
Build target 'GD32F303C_EVAL'
compiling hilink_device.c...
compiling hilink_mcu.c...
linking...
Program Size: Code=7972 RO-data=336 RW-data=196 ZI-data=2180  
FromELF: creating hex file...
".\output\Project.axf" - 0 Error(s), 0 Warning(s).
</pre>
</body>
</html>
