<html>
<body>
<pre>
<h1>礦ision Build Log</h1>
<h2>Tool Versions:</h2>
IDE-Version: μVision V5.14.0.0
Copyright (C) 2015 ARM Ltd and ARM Germany GmbH. All rights reserved.
License Information: tomi Windows, HP Inc., LIC=UB401-CPSX9-XARDC-7X03W-LY2SY-R1VVI
 
Tool Versions:
Toolchain:       MDK-ARM Professional  Version: 5.14.0.0
Toolchain Path:  D:\keil\ARM\ARMCC\Bin
C Compiler:      Armcc.exe V5.05 update 1 (build 106)
Assembler:       Armasm.exe V5.05 update 1 (build 106)
Linker/Locator:  ArmLink.exe V5.05 update 1 (build 106)
Library Manager: ArmAr.exe V5.05 update 1 (build 106)
Hex Converter:   FromElf.exe V5.05 update 1 (build 106)
CPU DLL:         SARMCM3.DLL V5.14.0.0
Dialog DLL:      DCM.DLL V1.13.1.0
Target DLL:      Segger\JL2CM3.dll V2.99.13.0
Dialog DLL:      TCM.DLL V1.14.4.0
 
<h2>Project:</h2>
D:\mhj\GD32F303系列\华为hilink\GD32F30x_hilink_APP\MDK-ARM\GD32303C_EVAL.uvproj
Project File Date:  01/07/2020

<h2>Output:</h2>
Rebuild target 'GD32F303C_EVAL'
compiling main.c...
compiling gd32f30x_it.c...
compiling systick.c...
compiling uart.c...
compiling led.c...
compiling key.c...
compiling timer.c...
compiling system_gd32f30x.c...
compiling gd32f30x_adc.c...
compiling gd32f30x_bkp.c...
compiling gd32f30x_can.c...
compiling gd32f30x_crc.c...
compiling gd32f30x_ctc.c...
compiling gd32f30x_dac.c...
compiling gd32f30x_dbg.c...
compiling gd32f30x_dma.c...
compiling gd32f30x_enet.c...
compiling gd32f30x_exmc.c...
compiling gd32f30x_exti.c...
compiling gd32f30x_fmc.c...
compiling gd32f30x_fwdgt.c...
compiling gd32f30x_gpio.c...
compiling gd32f30x_i2c.c...
compiling gd32f30x_misc.c...
compiling gd32f30x_pmu.c...
compiling gd32f30x_rcu.c...
compiling gd32f30x_rtc.c...
compiling gd32f30x_sdio.c...
compiling gd32f30x_spi.c...
compiling gd32f30x_timer.c...
compiling gd32f30x_usart.c...
compiling gd32f30x_wwdgt.c...
compiling hilink_device.c...
compiling hilink_mcu.c...
compiling hilink_ota.c...
compiling hilink_hislip.c...
compiling hilink_mcu_main.c...
compiling hilink_process.c...
assembling startup_gd32f30x_hd.s...
linking...
Program Size: Code=14980 RO-data=1472 RW-data=472 ZI-data=4184  
FromELF: creating hex file...
".\output\Project.axf" - 0 Error(s), 0 Warning(s).
</pre>
</body>
</html>
