Component: ARM Compiler 5.05 update 1 (build 106) Tool: armlink [4d0efa]

==============================================================================

Section Cross References

    main.o(i.System_Initializes) refers to gd32f30x_misc.o(i.nvic_priority_group_set) for nvic_priority_group_set
    main.o(i.System_Initializes) refers to systick.o(i.systick_config) for systick_config
    main.o(i.System_Initializes) refers to led.o(i.user_led_init) for user_led_init
    main.o(i.System_Initializes) refers to key.o(i.user_key_init) for user_key_init
    main.o(i.System_Initializes) refers to uart.o(i.user_uart_init) for user_uart_init
    main.o(i.System_Initializes) refers to timer.o(i.user_timer_init) for user_timer_init
    main.o(i.fputc) refers to gd32f30x_usart.o(i.usart_data_transmit) for usart_data_transmit
    main.o(i.fputc) refers to gd32f30x_usart.o(i.usart_flag_get) for usart_flag_get
    main.o(i.main) refers to main.o(i.System_Initializes) for System_Initializes
    main.o(i.main) refers to uart.o(i.USART1_DEBUG) for USART1_DEBUG
    gd32f30x_it.o(i.Get_tick) refers to gd32f30x_it.o(.data) for xTickCount
    gd32f30x_it.o(i.SysTick_Handler) refers to gd32f30x_it.o(.data) for xTickCount
    systick.o(i.delay_1ms) refers to systick.o(.data) for delay
    systick.o(i.delay_decrement) refers to systick.o(.data) for delay
    systick.o(i.systick_config) refers to systick.o(i.NVIC_SetPriority) for NVIC_SetPriority
    systick.o(i.systick_config) refers to system_gd32f30x.o(.data) for SystemCoreClock
    uart.o(i.USART0_IRQHandler) refers to gd32f30x_usart.o(i.usart_interrupt_flag_get) for usart_interrupt_flag_get
    uart.o(i.USART0_IRQHandler) refers to gd32f30x_usart.o(i.usart_interrupt_flag_clear) for usart_interrupt_flag_clear
    uart.o(i.USART0_IRQHandler) refers to gd32f30x_usart.o(i.usart_interrupt_enable) for usart_interrupt_enable
    uart.o(i.USART0_IRQHandler) refers to gd32f30x_usart.o(i.usart_data_receive) for usart_data_receive
    uart.o(i.USART0_IRQHandler) refers to hilink_hislip.o(i.HiLinkUartRcvOneByte) for HiLinkUartRcvOneByte
    uart.o(i.USART0_IRQHandler) refers to gd32f30x_usart.o(i.usart_interrupt_disable) for usart_interrupt_disable
    uart.o(i.USART0_IRQHandler) refers to uart.o(.data) for Rec_Start_Flag
    uart.o(i.USART0_IRQHandler) refers to uart.o(.bss) for rx_buffer
    uart.o(i.USART1_DEBUG) refers to printfa.o(i.__0vsnprintf) for __c89vsnprintf
    uart.o(i.USART1_DEBUG) refers to gd32f30x_usart.o(i.usart_data_transmit) for usart_data_transmit
    uart.o(i.USART1_DEBUG) refers to gd32f30x_usart.o(i.usart_flag_get) for usart_flag_get
    uart.o(i.USART1_DEBUG) refers to strlen.o(.text) for strlen
    uart.o(i.gd_eval_com_init) refers to gd32f30x_rcu.o(i.rcu_periph_clock_enable) for rcu_periph_clock_enable
    uart.o(i.gd_eval_com_init) refers to gd32f30x_gpio.o(i.gpio_init) for gpio_init
    uart.o(i.gd_eval_com_init) refers to gd32f30x_usart.o(i.usart_deinit) for usart_deinit
    uart.o(i.gd_eval_com_init) refers to gd32f30x_usart.o(i.usart_baudrate_set) for usart_baudrate_set
    uart.o(i.gd_eval_com_init) refers to gd32f30x_usart.o(i.usart_receive_config) for usart_receive_config
    uart.o(i.gd_eval_com_init) refers to gd32f30x_usart.o(i.usart_transmit_config) for usart_transmit_config
    uart.o(i.gd_eval_com_init) refers to gd32f30x_usart.o(i.usart_enable) for usart_enable
    uart.o(i.gd_eval_com_init) refers to uart.o(.data) for COM_GPIO_CLK
    uart.o(i.usart_dma_config) refers to gd32f30x_rcu.o(i.rcu_periph_clock_enable) for rcu_periph_clock_enable
    uart.o(i.usart_dma_config) refers to gd32f30x_dma.o(i.dma_deinit) for dma_deinit
    uart.o(i.usart_dma_config) refers to memcpya.o(.text) for __aeabi_memcpy4
    uart.o(i.usart_dma_config) refers to gd32f30x_dma.o(i.dma_init) for dma_init
    uart.o(i.usart_dma_config) refers to gd32f30x_dma.o(i.dma_circulation_disable) for dma_circulation_disable
    uart.o(i.usart_dma_config) refers to gd32f30x_dma.o(i.dma_memory_to_memory_disable) for dma_memory_to_memory_disable
    uart.o(i.usart_dma_config) refers to gd32f30x_dma.o(i.dma_circulation_enable) for dma_circulation_enable
    uart.o(i.usart_dma_config) refers to uart.o(.data) for tx_DMA_buffer
    uart.o(i.usart_dma_config) refers to uart.o(.bss) for rx_buffer
    uart.o(i.user_uart_init) refers to gd32f30x_misc.o(i.nvic_irq_enable) for nvic_irq_enable
    uart.o(i.user_uart_init) refers to uart.o(i.gd_eval_com_init) for gd_eval_com_init
    uart.o(i.user_uart_init) refers to gd32f30x_usart.o(i.usart_interrupt_enable) for usart_interrupt_enable
    uart.o(i.user_uart_init) refers to gd32f30x_usart.o(i.usart_interrupt_disable) for usart_interrupt_disable
    led.o(i.gd_eval_led_init) refers to gd32f30x_rcu.o(i.rcu_periph_clock_enable) for rcu_periph_clock_enable
    led.o(i.gd_eval_led_init) refers to gd32f30x_gpio.o(i.gpio_init) for gpio_init
    led.o(i.gd_eval_led_init) refers to led.o(.data) for GPIO_CLK
[...]
    Removing gd32f30x_i2c.o(i.i2c_flag_clear), (18 bytes).
    Removing gd32f30x_i2c.o(i.i2c_flag_get), (50 bytes).
    Removing gd32f30x_i2c.o(i.i2c_interrupt_disable), (8 bytes).
    Removing gd32f30x_i2c.o(i.i2c_interrupt_enable), (8 bytes).
    Removing gd32f30x_i2c.o(i.i2c_interrupt_flag_clear), (18 bytes).
    Removing gd32f30x_i2c.o(i.i2c_interrupt_flag_get), (94 bytes).
    Removing gd32f30x_i2c.o(i.i2c_master_addressing), (20 bytes).
    Removing gd32f30x_i2c.o(i.i2c_mode_addr_config), (24 bytes).
    Removing gd32f30x_i2c.o(i.i2c_pec_enable), (16 bytes).
    Removing gd32f30x_i2c.o(i.i2c_pec_transfer_enable), (16 bytes).
    Removing gd32f30x_i2c.o(i.i2c_pec_value_get), (10 bytes).
    Removing gd32f30x_i2c.o(i.i2c_slave_response_to_gcall_config), (16 bytes).
    Removing gd32f30x_i2c.o(i.i2c_smbus_arp_enable), (16 bytes).
    Removing gd32f30x_i2c.o(i.i2c_smbus_issue_alert), (16 bytes).
    Removing gd32f30x_i2c.o(i.i2c_smbus_type_config), (24 bytes).
    Removing gd32f30x_i2c.o(i.i2c_software_reset_config), (16 bytes).
    Removing gd32f30x_i2c.o(i.i2c_start_on_bus), (10 bytes).
    Removing gd32f30x_i2c.o(i.i2c_stop_on_bus), (10 bytes).
    Removing gd32f30x_i2c.o(i.i2c_stretch_scl_low_config), (16 bytes).
    Removing gd32f30x_misc.o(.rev16_text), (4 bytes).
    Removing gd32f30x_misc.o(.revsh_text), (4 bytes).
    Removing gd32f30x_misc.o(i.nvic_irq_disable), (24 bytes).
    Removing gd32f30x_misc.o(i.nvic_vector_table_set), (20 bytes).
    Removing gd32f30x_misc.o(i.system_lowpower_reset), (16 bytes).
    Removing gd32f30x_misc.o(i.system_lowpower_set), (16 bytes).
    Removing gd32f30x_misc.o(i.systick_clksource_set), (40 bytes).
    Removing gd32f30x_pmu.o(.rev16_text), (4 bytes).
    Removing gd32f30x_pmu.o(.revsh_text), (4 bytes).
    Removing gd32f30x_pmu.o(i.pmu_backup_write_disable), (20 bytes).
    Removing gd32f30x_pmu.o(i.pmu_backup_write_enable), (20 bytes).
    Removing gd32f30x_pmu.o(i.pmu_deinit), (20 bytes).
    Removing gd32f30x_pmu.o(i.pmu_flag_clear), (48 bytes).
    Removing gd32f30x_pmu.o(i.pmu_flag_get), (24 bytes).
    Removing gd32f30x_pmu.o(i.pmu_highdriver_mode_disable), (20 bytes).
    Removing gd32f30x_pmu.o(i.pmu_highdriver_mode_enable), (20 bytes).
    Removing gd32f30x_pmu.o(i.pmu_highdriver_switch_select), (44 bytes).
    Removing gd32f30x_pmu.o(i.pmu_ldo_output_select), (28 bytes).
    Removing gd32f30x_pmu.o(i.pmu_lowdriver_mode_disable), (20 bytes).
    Removing gd32f30x_pmu.o(i.pmu_lowdriver_mode_enable), (20 bytes).
    Removing gd32f30x_pmu.o(i.pmu_lowpower_driver_config), (28 bytes).
    Removing gd32f30x_pmu.o(i.pmu_lvd_disable), (20 bytes).
    Removing gd32f30x_pmu.o(i.pmu_lvd_select), (48 bytes).
    Removing gd32f30x_pmu.o(i.pmu_normalpower_driver_config), (28 bytes).
    Removing gd32f30x_pmu.o(i.pmu_to_deepsleepmode), (68 bytes).
    Removing gd32f30x_pmu.o(i.pmu_to_sleepmode), (28 bytes).
    Removing gd32f30x_pmu.o(i.pmu_to_standbymode), (52 bytes).
    Removing gd32f30x_pmu.o(i.pmu_wakeup_pin_disable), (20 bytes).
    Removing gd32f30x_pmu.o(i.pmu_wakeup_pin_enable), (20 bytes).
    Removing gd32f30x_rcu.o(.rev16_text), (4 bytes).
    Removing gd32f30x_rcu.o(.revsh_text), (4 bytes).
    Removing gd32f30x_rcu.o(i.rcu_adc_clock_config), (108 bytes).
    Removing gd32f30x_rcu.o(i.rcu_ahb_clock_config), (24 bytes).
    Removing gd32f30x_rcu.o(i.rcu_all_reset_flag_clear), (20 bytes).
    Removing gd32f30x_rcu.o(i.rcu_apb1_clock_config), (24 bytes).
    Removing gd32f30x_rcu.o(i.rcu_apb2_clock_config), (24 bytes).
    Removing gd32f30x_rcu.o(i.rcu_bkp_reset_disable), (20 bytes).
    Removing gd32f30x_rcu.o(i.rcu_bkp_reset_enable), (20 bytes).
    Removing gd32f30x_rcu.o(i.rcu_ck48m_clock_config), (28 bytes).
    Removing gd32f30x_rcu.o(i.rcu_ckout0_config), (24 bytes).
    Removing gd32f30x_rcu.o(i.rcu_deepsleep_voltage_set), (16 bytes).
    Removing gd32f30x_rcu.o(i.rcu_deinit), (84 bytes).
    Removing gd32f30x_rcu.o(i.rcu_flag_get), (36 bytes).
    Removing gd32f30x_rcu.o(i.rcu_hxtal_clock_monitor_disable), (20 bytes).
    Removing gd32f30x_rcu.o(i.rcu_hxtal_clock_monitor_enable), (20 bytes).
    Removing gd32f30x_rcu.o(i.rcu_interrupt_disable), (32 bytes).
    Removing gd32f30x_rcu.o(i.rcu_interrupt_enable), (32 bytes).
    Removing gd32f30x_rcu.o(i.rcu_interrupt_flag_clear), (32 bytes).
    Removing gd32f30x_rcu.o(i.rcu_interrupt_flag_get), (36 bytes).
    Removing gd32f30x_rcu.o(i.rcu_irc8m_adjust_value_set), (28 bytes).
    Removing gd32f30x_rcu.o(i.rcu_lxtal_drive_capability_config), (24 bytes).
    Removing gd32f30x_rcu.o(i.rcu_osci_bypass_mode_disable), (100 bytes).
    Removing gd32f30x_rcu.o(i.rcu_osci_bypass_mode_enable), (100 bytes).
    Removing gd32f30x_rcu.o(i.rcu_osci_off), (32 bytes).
    Removing gd32f30x_rcu.o(i.rcu_osci_on), (32 bytes).
    Removing gd32f30x_rcu.o(i.rcu_osci_stab_wait), (272 bytes).
    Removing gd32f30x_rcu.o(i.rcu_periph_clock_disable), (32 bytes).
    Removing gd32f30x_rcu.o(i.rcu_periph_clock_sleep_disable), (32 bytes).
    Removing gd32f30x_rcu.o(i.rcu_periph_clock_sleep_enable), (32 bytes).
    Removing gd32f30x_rcu.o(i.rcu_pll_config), (32 bytes).
    Removing gd32f30x_rcu.o(i.rcu_pllpresel_config), (24 bytes).
    Removing gd32f30x_rcu.o(i.rcu_predv0_config), (32 bytes).
    Removing gd32f30x_rcu.o(i.rcu_rtc_clock_config), (24 bytes).
    Removing gd32f30x_rcu.o(i.rcu_system_clock_source_config), (24 bytes).
    Removing gd32f30x_rcu.o(i.rcu_system_clock_source_get), (16 bytes).
    Removing gd32f30x_rcu.o(i.rcu_usb_clock_config), (24 bytes).
    Removing gd32f30x_rtc.o(.rev16_text), (4 bytes).
    Removing gd32f30x_rtc.o(.revsh_text), (4 bytes).
    Removing gd32f30x_rtc.o(i.rtc_alarm_config), (32 bytes).
    Removing gd32f30x_rtc.o(i.rtc_configuration_mode_enter), (20 bytes).
    Removing gd32f30x_rtc.o(i.rtc_configuration_mode_exit), (20 bytes).
    Removing gd32f30x_rtc.o(i.rtc_counter_get), (20 bytes).
    Removing gd32f30x_rtc.o(i.rtc_counter_set), (32 bytes).
    Removing gd32f30x_rtc.o(i.rtc_divider_get), (24 bytes).
    Removing gd32f30x_rtc.o(i.rtc_flag_clear), (16 bytes).
    Removing gd32f30x_rtc.o(i.rtc_flag_get), (24 bytes).
    Removing gd32f30x_rtc.o(i.rtc_interrupt_disable), (16 bytes).
    Removing gd32f30x_rtc.o(i.rtc_interrupt_enable), (16 bytes).
    Removing gd32f30x_rtc.o(i.rtc_lwoff_wait), (20 bytes).
    Removing gd32f30x_rtc.o(i.rtc_prescaler_set), (32 bytes).
    Removing gd32f30x_rtc.o(i.rtc_register_sync_wait), (32 bytes).
    Removing gd32f30x_sdio.o(.rev16_text), (4 bytes).
    Removing gd32f30x_sdio.o(.revsh_text), (4 bytes).
    Removing gd32f30x_sdio.o(i.sdio_bus_mode_set), (28 bytes).
    Removing gd32f30x_sdio.o(i.sdio_ceata_command_completion_disable), (20 bytes).
    Removing gd32f30x_sdio.o(i.sdio_ceata_command_completion_enable), (20 bytes).
    Removing gd32f30x_sdio.o(i.sdio_ceata_command_disable), (20 bytes).
    Removing gd32f30x_sdio.o(i.sdio_ceata_command_enable), (20 bytes).
    Removing gd32f30x_sdio.o(i.sdio_ceata_interrupt_disable), (20 bytes).
    Removing gd32f30x_sdio.o(i.sdio_ceata_interrupt_enable), (20 bytes).
    Removing gd32f30x_sdio.o(i.sdio_clock_config), (52 bytes).
    Removing gd32f30x_sdio.o(i.sdio_clock_disable), (20 bytes).
    Removing gd32f30x_sdio.o(i.sdio_clock_enable), (20 bytes).
    Removing gd32f30x_sdio.o(i.sdio_command_index_get), (12 bytes).
    Removing gd32f30x_sdio.o(i.sdio_command_response_config), (44 bytes).
    Removing gd32f30x_sdio.o(i.sdio_csm_disable), (20 bytes).
    Removing gd32f30x_sdio.o(i.sdio_csm_enable), (20 bytes).
    Removing gd32f30x_sdio.o(i.sdio_data_config), (52 bytes).
    Removing gd32f30x_sdio.o(i.sdio_data_counter_get), (12 bytes).
    Removing gd32f30x_sdio.o(i.sdio_data_read), (12 bytes).
    Removing gd32f30x_sdio.o(i.sdio_data_transfer_config), (28 bytes).
    Removing gd32f30x_sdio.o(i.sdio_data_write), (12 bytes).
    Removing gd32f30x_sdio.o(i.sdio_deinit), (28 bytes).
    Removing gd32f30x_sdio.o(i.sdio_dma_disable), (20 bytes).
    Removing gd32f30x_sdio.o(i.sdio_dma_enable), (20 bytes).
    Removing gd32f30x_sdio.o(i.sdio_dsm_disable), (20 bytes).
    Removing gd32f30x_sdio.o(i.sdio_dsm_enable), (20 bytes).
    Removing gd32f30x_sdio.o(i.sdio_fifo_counter_get), (12 bytes).
    Removing gd32f30x_sdio.o(i.sdio_flag_clear), (12 bytes).
    Removing gd32f30x_sdio.o(i.sdio_flag_get), (20 bytes).
    Removing gd32f30x_sdio.o(i.sdio_hardware_clock_disable), (20 bytes).
    Removing gd32f30x_sdio.o(i.sdio_hardware_clock_enable), (20 bytes).
    Removing gd32f30x_sdio.o(i.sdio_interrupt_disable), (16 bytes).
    Removing gd32f30x_sdio.o(i.sdio_interrupt_enable), (16 bytes).
    Removing gd32f30x_sdio.o(i.sdio_interrupt_flag_clear), (12 bytes).
    Removing gd32f30x_sdio.o(i.sdio_interrupt_flag_get), (36 bytes).
    Removing gd32f30x_sdio.o(i.sdio_operation_disable), (20 bytes).
    Removing gd32f30x_sdio.o(i.sdio_operation_enable), (20 bytes).
    Removing gd32f30x_sdio.o(i.sdio_power_state_get), (12 bytes).
    Removing gd32f30x_sdio.o(i.sdio_power_state_set), (12 bytes).
    Removing gd32f30x_sdio.o(i.sdio_readwait_disable), (20 bytes).
    Removing gd32f30x_sdio.o(i.sdio_readwait_enable), (20 bytes).
    Removing gd32f30x_sdio.o(i.sdio_readwait_type_set), (40 bytes).
    Removing gd32f30x_sdio.o(i.sdio_response_get), (56 bytes).
    Removing gd32f30x_sdio.o(i.sdio_stop_readwait_disable), (20 bytes).
    Removing gd32f30x_sdio.o(i.sdio_stop_readwait_enable), (20 bytes).
    Removing gd32f30x_sdio.o(i.sdio_suspend_disable), (20 bytes).
    Removing gd32f30x_sdio.o(i.sdio_suspend_enable), (20 bytes).
    Removing gd32f30x_sdio.o(i.sdio_wait_type_set), (28 bytes).
    Removing gd32f30x_spi.o(.rev16_text), (4 bytes).
    Removing gd32f30x_spi.o(.revsh_text), (4 bytes).
    Removing gd32f30x_spi.o(i.i2s_disable), (10 bytes).
    Removing gd32f30x_spi.o(i.i2s_enable), (10 bytes).
    Removing gd32f30x_spi.o(i.i2s_init), (28 bytes).
    Removing gd32f30x_spi.o(i.i2s_psc_config), (164 bytes).
    Removing gd32f30x_spi.o(i.qspi_disable), (14 bytes).
    Removing gd32f30x_spi.o(i.qspi_enable), (14 bytes).
    Removing gd32f30x_spi.o(i.qspi_io23_output_disable), (14 bytes).
    Removing gd32f30x_spi.o(i.qspi_io23_output_enable), (14 bytes).
    Removing gd32f30x_spi.o(i.qspi_read_enable), (14 bytes).
    Removing gd32f30x_spi.o(i.qspi_write_enable), (14 bytes).
    Removing gd32f30x_spi.o(i.spi_bidirectional_transfer_config), (26 bytes).
    Removing gd32f30x_spi.o(i.spi_crc_error_clear), (10 bytes).
    Removing gd32f30x_spi.o(i.spi_crc_get), (16 bytes).
    Removing gd32f30x_spi.o(i.spi_crc_next), (10 bytes).
    Removing gd32f30x_spi.o(i.spi_crc_off), (10 bytes).
    Removing gd32f30x_spi.o(i.spi_crc_on), (10 bytes).
    Removing gd32f30x_spi.o(i.spi_crc_polynomial_get), (8 bytes).
    Removing gd32f30x_spi.o(i.spi_crc_polynomial_set), (12 bytes).
    Removing gd32f30x_spi.o(i.spi_disable), (10 bytes).
    Removing gd32f30x_spi.o(i.spi_dma_disable), (22 bytes).
    Removing gd32f30x_spi.o(i.spi_dma_enable), (22 bytes).
    Removing gd32f30x_spi.o(i.spi_enable), (10 bytes).
    Removing gd32f30x_spi.o(i.spi_i2s_data_frame_format_config), (16 bytes).
    Removing gd32f30x_spi.o(i.spi_i2s_data_receive), (8 bytes).
    Removing gd32f30x_spi.o(i.spi_i2s_data_transmit), (4 bytes).
    Removing gd32f30x_spi.o(i.spi_i2s_deinit), (88 bytes).
    Removing gd32f30x_spi.o(i.spi_i2s_flag_get), (16 bytes).
    Removing gd32f30x_spi.o(i.spi_i2s_interrupt_disable), (48 bytes).
    Removing gd32f30x_spi.o(i.spi_i2s_interrupt_enable), (48 bytes).
    Removing gd32f30x_spi.o(i.spi_i2s_interrupt_flag_get), (112 bytes).
    Removing gd32f30x_spi.o(i.spi_init), (50 bytes).
    Removing gd32f30x_spi.o(i.spi_nss_internal_high), (10 bytes).
    Removing gd32f30x_spi.o(i.spi_nss_internal_low), (10 bytes).
    Removing gd32f30x_spi.o(i.spi_nss_output_disable), (10 bytes).
    Removing gd32f30x_spi.o(i.spi_nss_output_enable), (10 bytes).
    Removing gd32f30x_spi.o(i.spi_nssp_mode_disable), (10 bytes).
    Removing gd32f30x_spi.o(i.spi_nssp_mode_enable), (10 bytes).
    Removing gd32f30x_spi.o(i.spi_ti_mode_disable), (10 bytes).
    Removing gd32f30x_spi.o(i.spi_ti_mode_enable), (10 bytes).
    Removing gd32f30x_timer.o(.rev16_text), (4 bytes).
    Removing gd32f30x_timer.o(.revsh_text), (4 bytes).
    Removing gd32f30x_timer.o(i.timer_auto_reload_shadow_disable), (10 bytes).
    Removing gd32f30x_timer.o(i.timer_automatic_output_disable), (10 bytes).
    Removing gd32f30x_timer.o(i.timer_automatic_output_enable), (10 bytes).
    Removing gd32f30x_timer.o(i.timer_autoreload_value_config), (4 bytes).
    Removing gd32f30x_timer.o(i.timer_break_config), (30 bytes).
    Removing gd32f30x_timer.o(i.timer_break_disable), (10 bytes).
    Removing gd32f30x_timer.o(i.timer_break_enable), (10 bytes).
    Removing gd32f30x_timer.o(i.timer_channel_capture_value_register_read), (42 bytes).
    Removing gd32f30x_timer.o(i.timer_channel_complementary_output_polarity_config), (70 bytes).
    Removing gd32f30x_timer.o(i.timer_channel_complementary_output_state_config), (70 bytes).
    Removing gd32f30x_timer.o(i.timer_channel_control_shadow_config), (24 bytes).
    Removing gd32f30x_timer.o(i.timer_channel_control_shadow_update_config), (26 bytes).
    Removing gd32f30x_timer.o(i.timer_channel_dma_request_source_select), (26 bytes).
    Removing gd32f30x_timer.o(i.timer_channel_input_capture_prescaler_config), (90 bytes).
    Removing gd32f30x_timer.o(i.timer_channel_output_clear_config), (90 bytes).
    Removing gd32f30x_timer.o(i.timer_channel_output_config), (492 bytes).
    Removing gd32f30x_timer.o(i.timer_channel_output_fast_config), (90 bytes).
    Removing gd32f30x_timer.o(i.timer_channel_output_mode_config), (90 bytes).
    Removing gd32f30x_timer.o(i.timer_channel_output_polarity_config), (92 bytes).
    Removing gd32f30x_timer.o(i.timer_channel_output_pulse_value_config), (38 bytes).
    Removing gd32f30x_timer.o(i.timer_channel_output_shadow_config), (90 bytes).
    Removing gd32f30x_timer.o(i.timer_channel_output_state_config), (92 bytes).
    Removing gd32f30x_timer.o(i.timer_counter_alignment), (16 bytes).
    Removing gd32f30x_timer.o(i.timer_counter_down_direction), (10 bytes).
    Removing gd32f30x_timer.o(i.timer_counter_read), (8 bytes).
    Removing gd32f30x_timer.o(i.timer_counter_up_direction), (10 bytes).
    Removing gd32f30x_timer.o(i.timer_counter_value_config), (4 bytes).
    Removing gd32f30x_timer.o(i.timer_disable), (10 bytes).
    Removing gd32f30x_timer.o(i.timer_dma_disable), (8 bytes).
    Removing gd32f30x_timer.o(i.timer_dma_enable), (8 bytes).
    Removing gd32f30x_timer.o(i.timer_dma_transfer_config), (24 bytes).
    Removing gd32f30x_timer.o(i.timer_event_software_generate), (8 bytes).
    Removing gd32f30x_timer.o(i.timer_external_clock_mode0_config), (40 bytes).
    Removing gd32f30x_timer.o(i.timer_external_clock_mode1_config), (32 bytes).
    Removing gd32f30x_timer.o(i.timer_external_clock_mode1_disable), (10 bytes).
    Removing gd32f30x_timer.o(i.timer_external_trigger_as_external_clock_config), (164 bytes).
    Removing gd32f30x_timer.o(i.timer_external_trigger_config), (30 bytes).
    Removing gd32f30x_timer.o(i.timer_flag_clear), (8 bytes).
    Removing gd32f30x_timer.o(i.timer_flag_get), (16 bytes).
    Removing gd32f30x_timer.o(i.timer_hall_mode_config), (26 bytes).
    Removing gd32f30x_timer.o(i.timer_input_capture_config), (326 bytes).
    Removing gd32f30x_timer.o(i.timer_input_pwm_capture_config), (356 bytes).
    Removing gd32f30x_timer.o(i.timer_input_trigger_source_select), (16 bytes).
    Removing gd32f30x_timer.o(i.timer_internal_clock_config), (10 bytes).
    Removing gd32f30x_timer.o(i.timer_internal_trigger_as_external_clock_config), (32 bytes).
    Removing gd32f30x_timer.o(i.timer_master_output_trigger_source_select), (16 bytes).
    Removing gd32f30x_timer.o(i.timer_master_slave_mode_config), (26 bytes).
    Removing gd32f30x_timer.o(i.timer_output_value_selection_config), (34 bytes).
    Removing gd32f30x_timer.o(i.timer_prescaler_config), (14 bytes).
    Removing gd32f30x_timer.o(i.timer_prescaler_read), (10 bytes).
    Removing gd32f30x_timer.o(i.timer_primary_output_config), (24 bytes).
    Removing gd32f30x_timer.o(i.timer_quadrature_decoder_mode_config), (64 bytes).
    Removing gd32f30x_timer.o(i.timer_repetition_value_config), (4 bytes).
    Removing gd32f30x_timer.o(i.timer_single_pulse_mode_config), (26 bytes).
    Removing gd32f30x_timer.o(i.timer_slave_mode_select), (16 bytes).
    Removing gd32f30x_timer.o(i.timer_update_event_disable), (10 bytes).
    Removing gd32f30x_timer.o(i.timer_update_event_enable), (10 bytes).
    Removing gd32f30x_timer.o(i.timer_update_source_config), (26 bytes).
    Removing gd32f30x_timer.o(i.timer_write_cc_register_config), (34 bytes).
    Removing gd32f30x_usart.o(.rev16_text), (4 bytes).
    Removing gd32f30x_usart.o(.revsh_text), (4 bytes).
    Removing gd32f30x_usart.o(i.usart_address_config), (20 bytes).
    Removing gd32f30x_usart.o(i.usart_block_length_config), (28 bytes).
    Removing gd32f30x_usart.o(i.usart_data_first_config), (20 bytes).
    Removing gd32f30x_usart.o(i.usart_disable), (10 bytes).
    Removing gd32f30x_usart.o(i.usart_dma_receive_config), (16 bytes).
    Removing gd32f30x_usart.o(i.usart_dma_transmit_config), (16 bytes).
    Removing gd32f30x_usart.o(i.usart_flag_clear), (26 bytes).
    Removing gd32f30x_usart.o(i.usart_guard_time_config), (24 bytes).
    Removing gd32f30x_usart.o(i.usart_halfduplex_disable), (10 bytes).
    Removing gd32f30x_usart.o(i.usart_halfduplex_enable), (10 bytes).
    Removing gd32f30x_usart.o(i.usart_hardware_flow_cts_config), (16 bytes).
    Removing gd32f30x_usart.o(i.usart_hardware_flow_rts_config), (16 bytes).
    Removing gd32f30x_usart.o(i.usart_invert_config), (104 bytes).
    Removing gd32f30x_usart.o(i.usart_irda_lowpower_config), (20 bytes).
    Removing gd32f30x_usart.o(i.usart_irda_mode_disable), (10 bytes).
    Removing gd32f30x_usart.o(i.usart_irda_mode_enable), (10 bytes).
    Removing gd32f30x_usart.o(i.usart_lin_break_dection_length_config), (20 bytes).
    Removing gd32f30x_usart.o(i.usart_lin_mode_disable), (10 bytes).
    Removing gd32f30x_usart.o(i.usart_lin_mode_enable), (10 bytes).
    Removing gd32f30x_usart.o(i.usart_mute_mode_disable), (10 bytes).
    Removing gd32f30x_usart.o(i.usart_mute_mode_enable), (10 bytes).
    Removing gd32f30x_usart.o(i.usart_mute_mode_wakeup_config), (16 bytes).
    Removing gd32f30x_usart.o(i.usart_parity_config), (16 bytes).
    Removing gd32f30x_usart.o(i.usart_prescaler_config), (16 bytes).
    Removing gd32f30x_usart.o(i.usart_receiver_timeout_disable), (14 bytes).
    Removing gd32f30x_usart.o(i.usart_receiver_timeout_enable), (14 bytes).
    Removing gd32f30x_usart.o(i.usart_receiver_timeout_threshold_config), (20 bytes).
    Removing gd32f30x_usart.o(i.usart_send_break), (10 bytes).
    Removing gd32f30x_usart.o(i.usart_smartcard_autoretry_config), (26 bytes).
    Removing gd32f30x_usart.o(i.usart_smartcard_mode_disable), (10 bytes).
    Removing gd32f30x_usart.o(i.usart_smartcard_mode_enable), (10 bytes).
    Removing gd32f30x_usart.o(i.usart_smartcard_mode_nack_disable), (10 bytes).
    Removing gd32f30x_usart.o(i.usart_smartcard_mode_nack_enable), (10 bytes).
    Removing gd32f30x_usart.o(i.usart_stop_bit_set), (16 bytes).
    Removing gd32f30x_usart.o(i.usart_synchronous_clock_config), (32 bytes).
    Removing gd32f30x_usart.o(i.usart_synchronous_clock_disable), (10 bytes).
    Removing gd32f30x_usart.o(i.usart_synchronous_clock_enable), (10 bytes).
    Removing gd32f30x_usart.o(i.usart_word_length_set), (16 bytes).
    Removing gd32f30x_wwdgt.o(.rev16_text), (4 bytes).
    Removing gd32f30x_wwdgt.o(.revsh_text), (4 bytes).
    Removing gd32f30x_wwdgt.o(i.wwdgt_config), (56 bytes).
    Removing gd32f30x_wwdgt.o(i.wwdgt_counter_update), (28 bytes).
    Removing gd32f30x_wwdgt.o(i.wwdgt_deinit), (20 bytes).
    Removing gd32f30x_wwdgt.o(i.wwdgt_enable), (20 bytes).
    Removing gd32f30x_wwdgt.o(i.wwdgt_flag_clear), (20 bytes).
    Removing gd32f30x_wwdgt.o(i.wwdgt_flag_get), (24 bytes).
    Removing gd32f30x_wwdgt.o(i.wwdgt_interrupt_enable), (20 bytes).
    Removing hilink_device.o(i.BrightnessBrightnessCtrlFunc), (6 bytes).
    Removing hilink_device.o(i.CommonExecution1ActionCtrlFunc), (6 bytes).
    Removing hilink_device.o(i.FadeTimeTimeCtrlFunc), (6 bytes).
    Removing hilink_device.o(i.SwitchOnCtrlFunc), (26 bytes).
    Removing hilink_device.o(i.WakeupTimeTimeCtrlFunc), (6 bytes).
    Removing hilink_device.o(.constdata), (220 bytes).
    Removing hilink_device.o(.conststring), (663 bytes).
    Removing hilink_device.o(.data), (68 bytes).
    Removing hilink_mcu.o(.rev16_text), (4 bytes).
    Removing hilink_mcu.o(.revsh_text), (4 bytes).
    Removing hilink_mcu.o(i.HiLinkDevRemoved), (2 bytes).
    Removing hilink_mcu.o(i.HiLinkGetDeviceSn), (2 bytes).
    Removing hilink_mcu.o(i.HiLinkGetSysCurTime), (18 bytes).
    Removing hilink_mcu.o(i.HiLinkInitProfileValue), (56 bytes).
    Removing hilink_mcu.o(i.HiLinkNotifyErrorInfo), (2 bytes).
    Removing hilink_mcu.o(i.HiLinkNotifyModuleInfo), (18 bytes).
    Removing hilink_mcu.o(i.HiLinkNotifyUtcTime), (10 bytes).
    Removing hilink_mcu.o(i.HiLinkUartSendOneByte), (20 bytes).
    Removing hilink_ota.o(i.HiLinkOtaCheckVer), (16 bytes).
    Removing hilink_ota.o(i.HiLinkOtaEnd), (16 bytes).
    Removing hilink_ota.o(i.HiLinkOtaRcvPkg), (16 bytes).
    Removing hilink_ota.o(i.HiLinkOtaStart), (14 bytes).
    Removing hilink_hislip.o(i.HiSlipBuildFrame), (188 bytes).
    Removing hilink_hislip.o(i.HiSlipCrcCheck), (60 bytes).
    Removing hilink_hislip.o(i.HiSlipFillDataEA), (68 bytes).
    Removing hilink_hislip.o(i.HiSlipGetLastAckInfo), (20 bytes).
    Removing hilink_hislip.o(i.HiSlipGetValidSeq), (40 bytes).
    Removing hilink_hislip.o(i.HiSlipHandleAck), (68 bytes).
    Removing hilink_hislip.o(i.HiSlipInit), (60 bytes).
    Removing hilink_hislip.o(i.HiSlipIoRcvData), (24 bytes).
    Removing hilink_hislip.o(i.HiSlipIoSendData), (24 bytes).
    Removing hilink_hislip.o(i.HiSlipParseDataEA), (70 bytes).
    Removing hilink_hislip.o(i.HiSlipProcessPkg), (192 bytes).
    Removing hilink_hislip.o(i.HiSlipRcvData), (104 bytes).
    Removing hilink_hislip.o(i.HiSlipSendAckMsg), (42 bytes).
    Removing hilink_hislip.o(i.HiSlipSendData), (180 bytes).
    Removing hilink_hislip.o(i.HiSlipSendFrame), (80 bytes).
    Removing hilink_hislip.o(i.HiSlipUartInit), (76 bytes).
    Removing hilink_hislip.o(i.HiSlipUartRead), (384 bytes).
    Removing hilink_hislip.o(i.HiSlipUartWrite), (100 bytes).
    Removing hilink_hislip.o(.constdata), (256 bytes).
    Removing hilink_mcu_main.o(i.HiLinkMcuMain), (12 bytes).
    Removing hilink_process.o(i.HiLinkAckProcess), (110 bytes).
    Removing hilink_process.o(i.HiLinkChangeMatrixFuncIndex), (36 bytes).
    Removing hilink_process.o(i.HiLinkChangeRunState), (176 bytes).
    Removing hilink_process.o(i.HiLinkCharArrayToInt), (64 bytes).
    Removing hilink_process.o(i.HiLinkCheckChangedKeyVal), (96 bytes).
    Removing hilink_process.o(i.HiLinkCheckRegFlag), (118 bytes).
    Removing hilink_process.o(i.HiLinkCheckUpgrade), (156 bytes).
    Removing hilink_process.o(i.HiLinkCmdProcess), (220 bytes).
    Removing hilink_process.o(i.HiLinkCommonWaitAck), (94 bytes).
    Removing hilink_process.o(i.HiLinkDevInit), (12 bytes).
    Removing hilink_process.o(i.HiLinkEndUpgrade), (138 bytes).
    Removing hilink_process.o(i.HiLinkFactoryResetResult), (94 bytes).
    Removing hilink_process.o(i.HiLinkFillKeyMapTlvs), (378 bytes).
    Removing hilink_process.o(i.HiLinkFillSvcMapTlvs), (380 bytes).
    Removing hilink_process.o(i.HiLinkFillSvcTlvs), (384 bytes).
    Removing hilink_process.o(i.HiLinkFreeModuleInfo), (72 bytes).
    Removing hilink_process.o(i.HiLinkFuncMatrixReinit), (28 bytes).
    Removing hilink_process.o(i.HiLinkGeneralCmdSend), (86 bytes).
    Removing hilink_process.o(i.HiLinkGeneralFillCmdPkg), (302 bytes).
    Removing hilink_process.o(i.HiLinkGeneralParseTlv), (122 bytes).
    Removing hilink_process.o(i.HiLinkGetCurInitSvcIndex), (12 bytes).
    Removing hilink_process.o(i.HiLinkGetCurMatrixFuncIndex), (16 bytes).
    Removing hilink_process.o(i.HiLinkGetCurRunState), (12 bytes).
    Removing hilink_process.o(i.HiLinkGetCurWaitAckSeq), (12 bytes).
    Removing hilink_process.o(i.HiLinkGetDataSendBuf), (8 bytes).
    Removing hilink_process.o(i.HiLinkGetDeviceAc), (8 bytes).
    Removing hilink_process.o(i.HiLinkGetDeviceBi), (12 bytes).
    Removing hilink_process.o(i.HiLinkGetDeviceEnName), (8 bytes).
    Removing hilink_process.o(i.HiLinkGetDeviceInfo), (8 bytes).
    Removing hilink_process.o(i.HiLinkGetExtendBuf), (8 bytes).
    Removing hilink_process.o(i.HiLinkGetFuncProcState), (12 bytes).
    Removing hilink_process.o(i.HiLinkGetInitValsReportState), (12 bytes).
    Removing hilink_process.o(i.HiLinkGetKeyDataType), (62 bytes).
    Removing hilink_process.o(i.HiLinkGetLocalNetStatus), (12 bytes).
    Removing hilink_process.o(i.HiLinkGetLocalWorkMode), (12 bytes).
    Removing hilink_process.o(i.HiLinkGetModuleInfo), (54 bytes).
    Removing hilink_process.o(i.HiLinkGetNoDataFlag), (104 bytes).
    Removing hilink_process.o(i.HiLinkGetProfileInfoList), (68 bytes).
    Removing hilink_process.o(i.HiLinkGetProfileVersion), (12 bytes).
    Removing hilink_process.o(i.HiLinkGetSvcIdxBySvcMapId), (62 bytes).
    Removing hilink_process.o(i.HiLinkGetSvcKeyVals), (140 bytes).
    Removing hilink_process.o(i.HiLinkGetTmpTlvArray), (8 bytes).
    Removing hilink_process.o(i.HiLinkGetUtcTime), (16 bytes).
    Removing hilink_process.o(i.HiLinkHandleModuleInfo), (60 bytes).
    Removing hilink_process.o(i.HiLinkHasKeyValChanged), (56 bytes).
    Removing hilink_process.o(i.HiLinkIntToCharArray), (60 bytes).
    Removing hilink_process.o(i.HiLinkMainProcess), (32 bytes).
    Removing hilink_process.o(i.HiLinkModuleReboot), (36 bytes).
    Removing hilink_process.o(i.HiLinkModuleReset), (16 bytes).
    Removing hilink_process.o(i.HiLinkNotifUpgradeInfo), (34 bytes).
    Removing hilink_process.o(i.HiLinkParseApName), (150 bytes).
    Removing hilink_process.o(i.HiLinkParseHardVer), (150 bytes).
    Removing hilink_process.o(i.HiLinkParseMac), (132 bytes).
    Removing hilink_process.o(i.HiLinkParseModuleInfo), (174 bytes).
    Removing hilink_process.o(i.HiLinkParseRssi), (108 bytes).
    Removing hilink_process.o(i.HiLinkParseSoftVer), (150 bytes).
    Removing hilink_process.o(i.HiLinkProcessIdleState), (68 bytes).
    Removing hilink_process.o(i.HiLinkProcessInternalStates), (76 bytes).
    Removing hilink_process.o(i.HiLinkProcessMaxtrixFuncs), (90 bytes).
    Removing hilink_process.o(i.HiLinkProcessStageFunc), (164 bytes).
    Removing hilink_process.o(i.HiLinkPutSvcKeyVal), (342 bytes).
    Removing hilink_process.o(i.HiLinkRcvUpgradeData), (156 bytes).
    Removing hilink_process.o(i.HiLinkReportChangedKeyVals), (56 bytes).
    Removing hilink_process.o(i.HiLinkReportInitVals), (76 bytes).
    Removing hilink_process.o(i.HiLinkReportProfileVals), (162 bytes).
    Removing hilink_process.o(i.HiLinkReportSvcKeyVals), (80 bytes).
    Removing hilink_process.o(i.HiLinkReqGetNetStatus), (18 bytes).
    Removing hilink_process.o(i.HiLinkReqGetWorkMode), (18 bytes).
    Removing hilink_process.o(i.HiLinkReqRegAcBi), (86 bytes).
    Removing hilink_process.o(i.HiLinkReqRegDevInfo), (402 bytes).
    Removing hilink_process.o(i.HiLinkReqRegEnd), (40 bytes).
    Removing hilink_process.o(i.HiLinkReqRegKeyMap), (58 bytes).
    Removing hilink_process.o(i.HiLinkReqRegStart), (82 bytes).
    Removing hilink_process.o(i.HiLinkReqRegSvcInfo), (58 bytes).
    Removing hilink_process.o(i.HiLinkSetCurInitSvcIndex), (12 bytes).
    Removing hilink_process.o(i.HiLinkSetCurMatrixFuncIndex), (12 bytes).
    Removing hilink_process.o(i.HiLinkSetCurRunState), (16 bytes).
    Removing hilink_process.o(i.HiLinkSetCurWaitAckSeq), (12 bytes).
    Removing hilink_process.o(i.HiLinkSetFuncProcState), (16 bytes).
    Removing hilink_process.o(i.HiLinkSetInitValsReportState), (12 bytes).
    Removing hilink_process.o(i.HiLinkSetKeyValChangeMark), (88 bytes).
    Removing hilink_process.o(i.HiLinkSetLocalNetStatus), (12 bytes).
    Removing hilink_process.o(i.HiLinkSetLocalWorkMode), (12 bytes).
    Removing hilink_process.o(i.HiLinkSetRegFuncIndex), (20 bytes).
    Removing hilink_process.o(i.HiLinkSetWorkMode), (72 bytes).
    Removing hilink_process.o(i.HiLinkStartUpgrade), (146 bytes).
    Removing hilink_process.o(i.HiLinkUpdateKeyVal), (70 bytes).
    Removing hilink_process.o(i.HiLinkUpdateNetStatus), (144 bytes).
    Removing hilink_process.o(i.HiLinkUpdateOneKeyVal), (274 bytes).
    Removing hilink_process.o(i.HiLinkUpdateSvcVal), (112 bytes).
    Removing hilink_process.o(i.HiLinkUpdateUtcTime), (98 bytes).
    Removing hilink_process.o(i.HiLinkUpdateWorkMode), (228 bytes).
    Removing hilink_process.o(.bss), (1376 bytes).
    Removing hilink_process.o(.data), (224 bytes).
    Removing startup_gd32f30x_hd.o(HEAP), (1024 bytes).

764 unused section(s) (total 36409 bytes) removed from the image.

==============================================================================

Image Symbol Table

    Local Symbols

    Symbol Name                              Value     Ov Type        Size  Object(Section)

    ../clib/microlib/division.c              0x00000000   Number         0  uldiv.o ABSOLUTE
    ../clib/microlib/division.c              0x00000000   Number         0  uidiv.o ABSOLUTE
    ../clib/microlib/init/entry.s            0x00000000   Number         0  entry7b.o ABSOLUTE
    ../clib/microlib/init/entry.s            0x00000000   Number         0  entry10b.o ABSOLUTE
    ../clib/microlib/init/entry.s            0x00000000   Number         0  entry11b.o ABSOLUTE
    ../clib/microlib/init/entry.s            0x00000000   Number         0  entry10a.o ABSOLUTE
    ../clib/microlib/init/entry.s            0x00000000   Number         0  entry9a.o ABSOLUTE
    ../clib/microlib/init/entry.s            0x00000000   Number         0  entry2.o ABSOLUTE
    ../clib/microlib/init/entry.s            0x00000000   Number         0  entry9b.o ABSOLUTE
    ../clib/microlib/init/entry.s            0x00000000   Number         0  entry11a.o ABSOLUTE
    ../clib/microlib/init/entry.s            0x00000000   Number         0  entry.o ABSOLUTE
    ../clib/microlib/init/entry.s            0x00000000   Number         0  entry8b.o ABSOLUTE
    ../clib/microlib/init/entry.s            0x00000000   Number         0  entry8a.o ABSOLUTE
    ../clib/microlib/init/entry.s            0x00000000   Number         0  entry7a.o ABSOLUTE
    ../clib/microlib/init/entry.s            0x00000000   Number         0  entry5.o ABSOLUTE
    ../clib/microlib/longlong.c              0x00000000   Number         0  llshl.o ABSOLUTE
    ../clib/microlib/longlong.c              0x00000000   Number         0  llsshr.o ABSOLUTE
    ../clib/microlib/longlong.c              0x00000000   Number         0  llushr.o ABSOLUTE
    ../clib/microlib/malloc/malloc.c         0x00000000   Number         0  malloc.o ABSOLUTE
    ../clib/microlib/malloc/malloc.c         0x00000000   Number         0  mallocra.o ABSOLUTE
    ../clib/microlib/malloc/malloc.c         0x00000000   Number         0  malloca.o ABSOLUTE
    ../clib/microlib/malloc/malloc.c         0x00000000   Number         0  mallocr.o ABSOLUTE
    ../clib/microlib/malloc/mvars.c          0x00000000   Number         0  mvars.o ABSOLUTE
    ../clib/microlib/printf/printf.c         0x00000000   Number         0  printf8.o ABSOLUTE
    ../clib/microlib/printf/printf.c         0x00000000   Number         0  printf7.o ABSOLUTE
    ../clib/microlib/printf/printf.c         0x00000000   Number         0  printf6.o ABSOLUTE
    ../clib/microlib/printf/printf.c         0x00000000   Number         0  printf5.o ABSOLUTE
    ../clib/microlib/printf/printf.c         0x00000000   Number         0  printf4.o ABSOLUTE
    ../clib/microlib/printf/printf.c         0x00000000   Number         0  printf3.o ABSOLUTE
    ../clib/microlib/printf/printf.c         0x00000000   Number         0  printf0.o ABSOLUTE
    ../clib/microlib/printf/printf.c         0x00000000   Number         0  printf2.o ABSOLUTE
    ../clib/microlib/printf/printf.c         0x00000000   Number         0  printf1.o ABSOLUTE
    ../clib/microlib/printf/printf.c         0x00000000   Number         0  printfa.o ABSOLUTE
    ../clib/microlib/printf/printf.c         0x00000000   Number         0  printfb.o ABSOLUTE
    ../clib/microlib/stdio/streams.c         0x00000000   Number         0  stdout.o ABSOLUTE
    ../clib/microlib/string/memcpy.c         0x00000000   Number         0  memcpyb.o ABSOLUTE
    ../clib/microlib/string/memcpy.c         0x00000000   Number         0  memcpya.o ABSOLUTE
    ../clib/microlib/string/memset.c         0x00000000   Number         0  memseta.o ABSOLUTE
    ../clib/microlib/string/strlen.c         0x00000000   Number         0  strlen.o ABSOLUTE
    ../clib/microlib/stubs.s                 0x00000000   Number         0  iusefp.o ABSOLUTE
    ../fplib/microlib/fpadd.c                0x00000000   Number         0  dadd.o ABSOLUTE
    ../fplib/microlib/fpdiv.c                0x00000000   Number         0  ddiv.o ABSOLUTE
    ../fplib/microlib/fpepilogue.c           0x00000000   Number         0  depilogue.o ABSOLUTE
    ../fplib/microlib/fpfix.c                0x00000000   Number         0  dfixul.o ABSOLUTE
    ../fplib/microlib/fpmul.c                0x00000000   Number         0  dmul.o ABSOLUTE
    ..\Bsp\key.c                             0x00000000   Number         0  key.o ABSOLUTE
    ..\Bsp\led.c                             0x00000000   Number         0  led.o ABSOLUTE
    ..\Bsp\timer.c                           0x00000000   Number         0  timer.o ABSOLUTE
    ..\Bsp\uart.c                            0x00000000   Number         0  uart.o ABSOLUTE
    ..\Library\Firmware\CMSIS\GD\GD32F30x\Source\ARM\startup_gd32f30x_hd.s 0x00000000   Number         0  startup_gd32f30x_hd.o ABSOLUTE
    ..\Library\Firmware\CMSIS\GD\GD32F30x\Source\system_gd32f30x.c 0x00000000   Number         0  system_gd32f30x.o ABSOLUTE
    ..\Library\Firmware\GD32F30x_standard_peripheral\Source\gd32f30x_adc.c 0x00000000   Number         0  gd32f30x_adc.o ABSOLUTE
    ..\Library\Firmware\GD32F30x_standard_peripheral\Source\gd32f30x_bkp.c 0x00000000   Number         0  gd32f30x_bkp.o ABSOLUTE
    ..\Library\Firmware\GD32F30x_standard_peripheral\Source\gd32f30x_can.c 0x00000000   Number         0  gd32f30x_can.o ABSOLUTE
    ..\Library\Firmware\GD32F30x_standard_peripheral\Source\gd32f30x_crc.c 0x00000000   Number         0  gd32f30x_crc.o ABSOLUTE
    ..\Library\Firmware\GD32F30x_standard_peripheral\Source\gd32f30x_ctc.c 0x00000000   Number         0  gd32f30x_ctc.o ABSOLUTE
    ..\Library\Firmware\GD32F30x_standard_peripheral\Source\gd32f30x_dac.c 0x00000000   Number         0  gd32f30x_dac.o ABSOLUTE
    ..\Library\Firmware\GD32F30x_standard_peripheral\Source\gd32f30x_dbg.c 0x00000000   Number         0  gd32f30x_dbg.o ABSOLUTE
    ..\Library\Firmware\GD32F30x_standard_peripheral\Source\gd32f30x_dma.c 0x00000000   Number         0  gd32f30x_dma.o ABSOLUTE
    ..\Library\Firmware\GD32F30x_standard_peripheral\Source\gd32f30x_enet.c 0x00000000   Number         0  gd32f30x_enet.o ABSOLUTE
    ..\Library\Firmware\GD32F30x_standard_peripheral\Source\gd32f30x_exmc.c 0x00000000   Number         0  gd32f30x_exmc.o ABSOLUTE
    ..\Library\Firmware\GD32F30x_standard_peripheral\Source\gd32f30x_exti.c 0x00000000   Number         0  gd32f30x_exti.o ABSOLUTE
    ..\Library\Firmware\GD32F30x_standard_peripheral\Source\gd32f30x_fmc.c 0x00000000   Number         0  gd32f30x_fmc.o ABSOLUTE
    ..\Library\Firmware\GD32F30x_standard_peripheral\Source\gd32f30x_fwdgt.c 0x00000000   Number         0  gd32f30x_fwdgt.o ABSOLUTE
    ..\Library\Firmware\GD32F30x_standard_peripheral\Source\gd32f30x_gpio.c 0x00000000   Number         0  gd32f30x_gpio.o ABSOLUTE
    ..\Library\Firmware\GD32F30x_standard_peripheral\Source\gd32f30x_i2c.c 0x00000000   Number         0  gd32f30x_i2c.o ABSOLUTE
    ..\Library\Firmware\GD32F30x_standard_peripheral\Source\gd32f30x_misc.c 0x00000000   Number         0  gd32f30x_misc.o ABSOLUTE
    ..\Library\Firmware\GD32F30x_standard_peripheral\Source\gd32f30x_pmu.c 0x00000000   Number         0  gd32f30x_pmu.o ABSOLUTE
    ..\Library\Firmware\GD32F30x_standard_peripheral\Source\gd32f30x_rcu.c 0x00000000   Number         0  gd32f30x_rcu.o ABSOLUTE
    ..\Library\Firmware\GD32F30x_standard_peripheral\Source\gd32f30x_rtc.c 0x00000000   Number         0  gd32f30x_rtc.o ABSOLUTE
    ..\Library\Firmware\GD32F30x_standard_peripheral\Source\gd32f30x_sdio.c 0x00000000   Number         0  gd32f30x_sdio.o ABSOLUTE
    ..\Library\Firmware\GD32F30x_standard_peripheral\Source\gd32f30x_spi.c 0x00000000   Number         0  gd32f30x_spi.o ABSOLUTE
    ..\Library\Firmware\GD32F30x_standard_peripheral\Source\gd32f30x_timer.c 0x00000000   Number         0  gd32f30x_timer.o ABSOLUTE
    ..\Library\Firmware\GD32F30x_standard_peripheral\Source\gd32f30x_usart.c 0x00000000   Number         0  gd32f30x_usart.o ABSOLUTE
    ..\Library\Firmware\GD32F30x_standard_peripheral\Source\gd32f30x_wwdgt.c 0x00000000   Number         0  gd32f30x_wwdgt.o ABSOLUTE
    ..\\Bsp\\key.c                           0x00000000   Number         0  key.o ABSOLUTE
    ..\\Bsp\\led.c                           0x00000000   Number         0  led.o ABSOLUTE
    ..\\Bsp\\timer.c                         0x00000000   Number         0  timer.o ABSOLUTE
    ..\\Bsp\\uart.c                          0x00000000   Number         0  uart.o ABSOLUTE
    ..\\Library\\Firmware\\CMSIS\\GD\\GD32F30x\\Source\\system_gd32f30x.c 0x00000000   Number         0  system_gd32f30x.o ABSOLUTE
    ..\\Library\\Firmware\\GD32F30x_standard_peripheral\\Source\\gd32f30x_adc.c 0x00000000   Number         0  gd32f30x_adc.o ABSOLUTE
    ..\\Library\\Firmware\\GD32F30x_standard_peripheral\\Source\\gd32f30x_bkp.c 0x00000000   Number         0  gd32f30x_bkp.o ABSOLUTE
    ..\\Library\\Firmware\\GD32F30x_standard_peripheral\\Source\\gd32f30x_can.c 0x00000000   Number         0  gd32f30x_can.o ABSOLUTE
    ..\\Library\\Firmware\\GD32F30x_standard_peripheral\\Source\\gd32f30x_crc.c 0x00000000   Number         0  gd32f30x_crc.o ABSOLUTE
    ..\\Library\\Firmware\\GD32F30x_standard_peripheral\\Source\\gd32f30x_ctc.c 0x00000000   Number         0  gd32f30x_ctc.o ABSOLUTE
    ..\\Library\\Firmware\\GD32F30x_standard_peripheral\\Source\\gd32f30x_dac.c 0x00000000   Number         0  gd32f30x_dac.o ABSOLUTE
    ..\\Library\\Firmware\\GD32F30x_standard_peripheral\\Source\\gd32f30x_dbg.c 0x00000000   Number         0  gd32f30x_dbg.o ABSOLUTE
    ..\\Library\\Firmware\\GD32F30x_standard_peripheral\\Source\\gd32f30x_dma.c 0x00000000   Number         0  gd32f30x_dma.o ABSOLUTE
    ..\\Library\\Firmware\\GD32F30x_standard_peripheral\\Source\\gd32f30x_enet.c 0x00000000   Number         0  gd32f30x_enet.o ABSOLUTE
    ..\\Library\\Firmware\\GD32F30x_standard_peripheral\\Source\\gd32f30x_exmc.c 0x00000000   Number         0  gd32f30x_exmc.o ABSOLUTE
    ..\\Library\\Firmware\\GD32F30x_standard_peripheral\\Source\\gd32f30x_exti.c 0x00000000   Number         0  gd32f30x_exti.o ABSOLUTE
    ..\\Library\\Firmware\\GD32F30x_standard_peripheral\\Source\\gd32f30x_fmc.c 0x00000000   Number         0  gd32f30x_fmc.o ABSOLUTE
    ..\\Library\\Firmware\\GD32F30x_standard_peripheral\\Source\\gd32f30x_fwdgt.c 0x00000000   Number         0  gd32f30x_fwdgt.o ABSOLUTE
    ..\\Library\\Firmware\\GD32F30x_standard_peripheral\\Source\\gd32f30x_gpio.c 0x00000000   Number         0  gd32f30x_gpio.o ABSOLUTE
    ..\\Library\\Firmware\\GD32F30x_standard_peripheral\\Source\\gd32f30x_i2c.c 0x00000000   Number         0  gd32f30x_i2c.o ABSOLUTE
    ..\\Library\\Firmware\\GD32F30x_standard_peripheral\\Source\\gd32f30x_misc.c 0x00000000   Number         0  gd32f30x_misc.o ABSOLUTE
    ..\\Library\\Firmware\\GD32F30x_standard_peripheral\\Source\\gd32f30x_pmu.c 0x00000000   Number         0  gd32f30x_pmu.o ABSOLUTE
    ..\\Library\\Firmware\\GD32F30x_standard_peripheral\\Source\\gd32f30x_rcu.c 0x00000000   Number         0  gd32f30x_rcu.o ABSOLUTE
    ..\\Library\\Firmware\\GD32F30x_standard_peripheral\\Source\\gd32f30x_rtc.c 0x00000000   Number         0  gd32f30x_rtc.o ABSOLUTE
    ..\\Library\\Firmware\\GD32F30x_standard_peripheral\\Source\\gd32f30x_sdio.c 0x00000000   Number         0  gd32f30x_sdio.o ABSOLUTE
    ..\\Library\\Firmware\\GD32F30x_standard_peripheral\\Source\\gd32f30x_spi.c 0x00000000   Number         0  gd32f30x_spi.o ABSOLUTE
    ..\\Library\\Firmware\\GD32F30x_standard_peripheral\\Source\\gd32f30x_timer.c 0x00000000   Number         0  gd32f30x_timer.o ABSOLUTE
    ..\\Library\\Firmware\\GD32F30x_standard_peripheral\\Source\\gd32f30x_usart.c 0x00000000   Number         0  gd32f30x_usart.o ABSOLUTE
    ..\\Library\\Firmware\\GD32F30x_standard_peripheral\\Source\\gd32f30x_wwdgt.c 0x00000000   Number         0  gd32f30x_wwdgt.o ABSOLUTE
    ..\\gd32f30x_it.c                        0x00000000   Number         0  gd32f30x_it.o ABSOLUTE
    ..\\hilink_mcu_sdk\\hilink_mcu.c         0x00000000   Number         0  hilink_mcu.o ABSOLUTE
    ..\\main.c                               0x00000000   Number         0  main.o ABSOLUTE
    ..\\systick.c                            0x00000000   Number         0  systick.o ABSOLUTE
    ..\gd32f30x_it.c                         0x00000000   Number         0  gd32f30x_it.o ABSOLUTE
    ..\hilink_mcu_sdk\hilink_device.c        0x00000000   Number         0  hilink_device.o ABSOLUTE
    ..\hilink_mcu_sdk\hilink_mcu.c           0x00000000   Number         0  hilink_mcu.o ABSOLUTE
    ..\hilink_mcu_sdk\hilink_ota.c           0x00000000   Number         0  hilink_ota.o ABSOLUTE
    ..\hilink_mcu_sdk\system\hilink_hislip.c 0x00000000   Number         0  hilink_hislip.o ABSOLUTE
    ..\hilink_mcu_sdk\system\hilink_mcu_main.c 0x00000000   Number         0  hilink_mcu_main.o ABSOLUTE
    ..\hilink_mcu_sdk\system\hilink_process.c 0x00000000   Number         0  hilink_process.o ABSOLUTE
    ..\main.c                                0x00000000   Number         0  main.o ABSOLUTE
    ..\systick.c                             0x00000000   Number         0  systick.o ABSOLUTE
    cdrcmple.s                               0x00000000   Number         0  cdrcmple.o ABSOLUTE
    dc.s                                     0x00000000   Number         0  dc.o ABSOLUTE
    handlers.s                               0x00000000   Number         0  handlers.o ABSOLUTE
    init.s                                   0x00000000   Number         0  init.o ABSOLUTE
    RESET                                    0x08000000   Section      304  startup_gd32f30x_hd.o(RESET)
    .ARM.Collect$$$$00000000                 0x08000130   Section        0  entry.o(.ARM.Collect$$$$00000000)
    .ARM.Collect$$$$00000001                 0x08000130   Section        4  entry2.o(.ARM.Collect$$$$00000001)
    .ARM.Collect$$$$00000004                 0x08000134   Section        4  entry5.o(.ARM.Collect$$$$00000004)
    .ARM.Collect$$$$00000008                 0x08000138   Section        0  entry7b.o(.ARM.Collect$$$$00000008)
    .ARM.Collect$$$$0000000A                 0x08000138   Section        0  entry8b.o(.ARM.Collect$$$$0000000A)
    .ARM.Collect$$$$0000000B                 0x08000138   Section        8  entry9a.o(.ARM.Collect$$$$0000000B)
    .ARM.Collect$$$$0000000D                 0x08000140   Section        0  entry10a.o(.ARM.Collect$$$$0000000D)
    .ARM.Collect$$$$0000000F                 0x08000140   Section        0  entry11a.o(.ARM.Collect$$$$0000000F)
    .ARM.Collect$$$$00002712                 0x08000140   Section        4  entry2.o(.ARM.Collect$$$$00002712)
    __lit__00000000                          0x08000140   Data           4  entry2.o(.ARM.Collect$$$$00002712)
    .text                                    0x08000144   Section       36  startup_gd32f30x_hd.o(.text)
    .text                                    0x08000168   Section        0  strlen.o(.text)
    .text                                    0x08000176   Section        0  uidiv.o(.text)
    .text                                    0x080001a2   Section        0  uldiv.o(.text)
    .text                                    0x08000204   Section        0  iusefp.o(.text)
    .text                                    0x08000204   Section        0  dadd.o(.text)
    .text                                    0x08000352   Section        0  dmul.o(.text)
    .text                                    0x08000436   Section        0  ddiv.o(.text)
    .text                                    0x08000514   Section        0  dfixul.o(.text)
    .text                                    0x08000544   Section       48  cdrcmple.o(.text)
    .text                                    0x08000574   Section       36  init.o(.text)
    .text                                    0x08000598   Section        0  llshl.o(.text)
    .text                                    0x080005b6   Section        0  llushr.o(.text)
    .text                                    0x080005d6   Section        0  llsshr.o(.text)
    .text                                    0x080005fa   Section        0  depilogue.o(.text)
    i.BusFault_Handler                       0x080006b4   Section        0  gd32f30x_it.o(i.BusFault_Handler)
    i.DebugMon_Handler                       0x080006b8   Section        0  gd32f30x_it.o(i.DebugMon_Handler)
    i.EXTI10_15_IRQHandler                   0x080006bc   Section        0  key.o(i.EXTI10_15_IRQHandler)
    i.HardFault_Handler                      0x080006f8   Section        0  gd32f30x_it.o(i.HardFault_Handler)
    i.HiLinkUartRcvOneByte                   0x080006fc   Section        0  hilink_hislip.o(i.HiLinkUartRcvOneByte)
    i.HiSlipProcessEnd                       0x08000848   Section        0  hilink_hislip.o(i.HiSlipProcessEnd)
    HiSlipProcessEnd                         0x08000849   Thumb Code   116  hilink_hislip.o(i.HiSlipProcessEnd)
    i.MemManage_Handler                      0x080008cc   Section        0  gd32f30x_it.o(i.MemManage_Handler)
    i.NMI_Handler                            0x080008d0   Section        0  gd32f30x_it.o(i.NMI_Handler)
    i.NVIC_SetPriority                       0x080008d4   Section        0  systick.o(i.NVIC_SetPriority)
    NVIC_SetPriority                         0x080008d5   Thumb Code    32  systick.o(i.NVIC_SetPriority)
    i.PendSV_Handler                         0x080008fc   Section        0  gd32f30x_it.o(i.PendSV_Handler)
    i.SVC_Handler                            0x080008fe   Section        0  gd32f30x_it.o(i.SVC_Handler)
    i.SysTick_Handler                        0x08000900   Section        0  gd32f30x_it.o(i.SysTick_Handler)
    i.SystemInit                             0x08000940   Section        0  system_gd32f30x.o(i.SystemInit)
    i.System_Initializes                     0x08000980   Section        0  main.o(i.System_Initializes)
    i.TIMER0_UP_IRQHandler                   0x080009a0   Section        0  timer.o(i.TIMER0_UP_IRQHandler)
    i.USART0_IRQHandler                      0x080009b8   Section        0  uart.o(i.USART0_IRQHandler)
    i.USART1_DEBUG                           0x08000a54   Section        0  uart.o(i.USART1_DEBUG)
    i.UsageFault_Handler                     0x08000aac   Section        0  gd32f30x_it.o(i.UsageFault_Handler)
    i.__0printf$bare                         0x08000ab0   Section        0  printfb.o(i.__0printf$bare)
    i.__0vsnprintf                           0x08000ac0   Section        0  printfa.o(i.__0vsnprintf)
    i.__scatterload_copy                     0x08000ae4   Section       14  handlers.o(i.__scatterload_copy)
    i.__scatterload_null                     0x08000af2   Section        2  handlers.o(i.__scatterload_null)
    i.__scatterload_zeroinit                 0x08000af4   Section       14  handlers.o(i.__scatterload_zeroinit)
    i._fp_digits                             0x08000b04   Section        0  printfa.o(i._fp_digits)
    _fp_digits                               0x08000b05   Thumb Code   334  printfa.o(i._fp_digits)
    i._printf_core                           0x08000c68   Section        0  printfb.o(i._printf_core)
    _printf_core                             0x08000c69   Thumb Code    34  printfb.o(i._printf_core)
    i._printf_core                           0x08000c8c   Section        0  printfa.o(i._printf_core)
    _printf_core                             0x08000c8d   Thumb Code  1744  printfa.o(i._printf_core)
    i._printf_post_padding                   0x08001368   Section        0  printfa.o(i._printf_post_padding)
    _printf_post_padding                     0x08001369   Thumb Code    36  printfa.o(i._printf_post_padding)
    i._printf_pre_padding                    0x0800138c   Section        0  printfa.o(i._printf_pre_padding)
    _printf_pre_padding                      0x0800138d   Thumb Code    46  printfa.o(i._printf_pre_padding)
    i._snputc                                0x080013ba   Section        0  printfa.o(i._snputc)
    _snputc                                  0x080013bb   Thumb Code    22  printfa.o(i._snputc)
    i.exti_init                              0x080013d0   Section        0  gd32f30x_exti.o(i.exti_init)
    i.exti_interrupt_flag_clear              0x08001488   Section        0  gd32f30x_exti.o(i.exti_interrupt_flag_clear)
    i.exti_interrupt_flag_get                0x08001494   Section        0  gd32f30x_exti.o(i.exti_interrupt_flag_get)
    i.fputc                                  0x080014b8   Section        0  main.o(i.fputc)
    i.gd_eval_com_init                       0x080014dc   Section        0  uart.o(i.gd_eval_com_init)
    i.gd_eval_key_init                       0x08001574   Section        0  key.o(i.gd_eval_key_init)
    i.gd_eval_led_init                       0x080015f4   Section        0  led.o(i.gd_eval_led_init)
    i.gd_eval_led_toggle                     0x08001634   Section        0  led.o(i.gd_eval_led_toggle)
    i.gpio_bit_write                         0x0800166c   Section        0  gd32f30x_gpio.o(i.gpio_bit_write)
    i.gpio_exti_source_select                0x08001678   Section        0  gd32f30x_gpio.o(i.gpio_exti_source_select)
    i.gpio_init                              0x08001710   Section        0  gd32f30x_gpio.o(i.gpio_init)
    i.gpio_input_bit_get                     0x080017b4   Section        0  gd32f30x_gpio.o(i.gpio_input_bit_get)
    i.main                                   0x080017c4   Section        0  main.o(i.main)
    i.nvic_config                            0x080017e8   Section        0  timer.o(i.nvic_config)
    i.nvic_irq_enable                        0x080017f8   Section        0  gd32f30x_misc.o(i.nvic_irq_enable)
    i.nvic_priority_group_set                0x0800189c   Section        0  gd32f30x_misc.o(i.nvic_priority_group_set)
    i.rcu_clock_freq_get                     0x080018b0   Section        0  gd32f30x_rcu.o(i.rcu_clock_freq_get)
    i.rcu_periph_clock_enable                0x08001a08   Section        0  gd32f30x_rcu.o(i.rcu_periph_clock_enable)
    i.rcu_periph_reset_disable               0x08001a28   Section        0  gd32f30x_rcu.o(i.rcu_periph_reset_disable)
    i.rcu_periph_reset_enable                0x08001a48   Section        0  gd32f30x_rcu.o(i.rcu_periph_reset_enable)
    i.system_clock_120m_hxtal                0x08001a68   Section        0  system_gd32f30x.o(i.system_clock_120m_hxtal)
    system_clock_120m_hxtal                  0x08001a69   Thumb Code   256  system_gd32f30x.o(i.system_clock_120m_hxtal)
    i.system_clock_config                    0x08001b78   Section        0  system_gd32f30x.o(i.system_clock_config)
    system_clock_config                      0x08001b79   Thumb Code     8  system_gd32f30x.o(i.system_clock_config)
    i.systick_config                         0x08001b80   Section        0  systick.o(i.systick_config)
    i.timer_auto_reload_shadow_enable        0x08001bd0   Section        0  gd32f30x_timer.o(i.timer_auto_reload_shadow_enable)
    i.timer_config                           0x08001bdc   Section        0  timer.o(i.timer_config)
    i.timer_deinit                           0x08001c38   Section        0  gd32f30x_timer.o(i.timer_deinit)
    i.timer_enable                           0x08001d14   Section        0  gd32f30x_timer.o(i.timer_enable)
    i.timer_init                             0x08001d20   Section        0  gd32f30x_timer.o(i.timer_init)
    i.timer_interrupt_disable                0x08001db8   Section        0  gd32f30x_timer.o(i.timer_interrupt_disable)
    i.timer_interrupt_enable                 0x08001dc0   Section        0  gd32f30x_timer.o(i.timer_interrupt_enable)
    i.timer_interrupt_flag_clear             0x08001dc8   Section        0  gd32f30x_timer.o(i.timer_interrupt_flag_clear)
    i.timer_interrupt_flag_get               0x08001dd0   Section        0  gd32f30x_timer.o(i.timer_interrupt_flag_get)
    i.usart_baudrate_set                     0x08001de8   Section        0  gd32f30x_usart.o(i.usart_baudrate_set)
    i.usart_data_receive                     0x08001e7c   Section        0  gd32f30x_usart.o(i.usart_data_receive)
    i.usart_data_transmit                    0x08001e86   Section        0  gd32f30x_usart.o(i.usart_data_transmit)
    i.usart_deinit                           0x08001e90   Section        0  gd32f30x_usart.o(i.usart_deinit)
    i.usart_enable                           0x08001f20   Section        0  gd32f30x_usart.o(i.usart_enable)
    i.usart_flag_get                         0x08001f2a   Section        0  gd32f30x_usart.o(i.usart_flag_get)
    i.usart_interrupt_disable                0x08001f48   Section        0  gd32f30x_usart.o(i.usart_interrupt_disable)
    i.usart_interrupt_enable                 0x08001f62   Section        0  gd32f30x_usart.o(i.usart_interrupt_enable)
    i.usart_interrupt_flag_clear             0x08001f7c   Section        0  gd32f30x_usart.o(i.usart_interrupt_flag_clear)
    i.usart_interrupt_flag_get               0x08001f96   Section        0  gd32f30x_usart.o(i.usart_interrupt_flag_get)
    i.usart_receive_config                   0x08001fce   Section        0  gd32f30x_usart.o(i.usart_receive_config)
    i.usart_transmit_config                  0x08001fde   Section        0  gd32f30x_usart.o(i.usart_transmit_config)
    i.user_key_init                          0x08001fee   Section        0  key.o(i.user_key_init)
    i.user_led_init                          0x08001ffa   Section        0  led.o(i.user_led_init)
    i.user_timer_init                        0x08002010   Section        0  timer.o(i.user_timer_init)
    i.user_uart_init                         0x0800201c   Section        0  uart.o(i.user_uart_init)
    .data                                    0x20000000   Section       16  gd32f30x_it.o(.data)
    xTickCount                               0x20000000   Data           8  gd32f30x_it.o(.data)
    Addmark                                  0x20000008   Data           8  gd32f30x_it.o(.data)
    .data                                    0x20000010   Section       68  uart.o(.data)
    COM_CLK                                  0x20000010   Data           4  uart.o(.data)
    COM_TX_PIN                               0x20000014   Data           8  uart.o(.data)
    COM_RX_PIN                               0x2000001c   Data           8  uart.o(.data)
    COM_GPIO_PORT                            0x20000024   Data           8  uart.o(.data)
    COM_GPIO_CLK                             0x2000002c   Data           4  uart.o(.data)
    .data                                    0x20000054   Section       40  led.o(.data)
    GPIO_PORT                                0x20000054   Data          16  led.o(.data)
    GPIO_PIN                                 0x20000064   Data          16  led.o(.data)
    GPIO_CLK                                 0x20000074   Data           8  led.o(.data)
    .data                                    0x2000007c   Section       53  key.o(.data)
    KEY_PORT                                 0x2000007c   Data          12  key.o(.data)
    KEY_PIN                                  0x20000088   Data          12  key.o(.data)
    KEY_CLK                                  0x20000094   Data           6  key.o(.data)
    KEY_EXTI_LINE                            0x2000009c   Data          12  key.o(.data)
    KEY_PORT_SOURCE                          0x200000a8   Data           3  key.o(.data)
    KEY_PIN_SOURCE                           0x200000ab   Data           3  key.o(.data)
    KEY_IRQn                                 0x200000ae   Data           3  key.o(.data)
    .data                                    0x200000b4   Section        4  system_gd32f30x.o(.data)
    .data                                    0x200000b8   Section        8  hilink_hislip.o(.data)
    g_hiSlipLastAck                          0x200000b8   Data           4  hilink_hislip.o(.data)
    g_bufWriteIndex                          0x200000bc   Data           1  hilink_hislip.o(.data)
    g_bufReadIndex                           0x200000bd   Data           1  hilink_hislip.o(.data)
    g_frameLen                               0x200000be   Data           2  hilink_hislip.o(.data)
    .data                                    0x200000c0   Section        4  stdout.o(.data)
    .bss                                     0x200000c4   Section      400  uart.o(.bss)
    .bss                                     0x20000254   Section      756  hilink_hislip.o(.bss)
    g_hiSlipHandler                          0x20000254   Data          36  hilink_hislip.o(.bss)
    g_hiSlipSendBuf                          0x20000278   Data         128  hilink_hislip.o(.bss)
    g_uartBuf                                0x200002f8   Data         512  hilink_hislip.o(.bss)
    g_uartHandler                            0x200004f8   Data          80  hilink_hislip.o(.bss)
    STACK                                    0x20000548   Section     1024  startup_gd32f30x_hd.o(STACK)

    Global Symbols

    Symbol Name                              Value     Ov Type        Size  Object(Section)

    BuildAttributes$$THM_ISAv4$E$P$D$K$B$S$7EM$PE$A:L22UL41UL21$X:L11$S22US41US21$IEEE1$IW$USESV6$~STKCKD$USESV7$~SHL$OSPACE$ROPI$EBA8$MICROLIB$REQ8$PRES8$EABIv2 0x00000000   Number         0  anon$$obj.o ABSOLUTE
    __ARM_use_no_argv                        0x00000000   Number         0  main.o ABSOLUTE
    __cpp_initialize__aeabi_                  - Undefined Weak Reference
    __cxa_finalize                            - Undefined Weak Reference
    __decompress                              - Undefined Weak Reference
    _clock_init                               - Undefined Weak Reference
    _microlib_exit                            - Undefined Weak Reference
    __Vectors_Size                           0x00000130   Number         0  startup_gd32f30x_hd.o ABSOLUTE
    __Vectors                                0x08000000   Data           4  startup_gd32f30x_hd.o(RESET)
    __Vectors_End                            0x08000130   Data           0  startup_gd32f30x_hd.o(RESET)
    __main                                   0x08000131   Thumb Code     0  entry.o(.ARM.Collect$$$$00000000)
    _main_stk                                0x08000131   Thumb Code     0  entry2.o(.ARM.Collect$$$$00000001)
    _main_scatterload                        0x08000135   Thumb Code     0  entry5.o(.ARM.Collect$$$$00000004)
    __main_after_scatterload                 0x08000139   Thumb Code     0  entry5.o(.ARM.Collect$$$$00000004)
    _main_clock                              0x08000139   Thumb Code     0  entry7b.o(.ARM.Collect$$$$00000008)
    _main_cpp_init                           0x08000139   Thumb Code     0  entry8b.o(.ARM.Collect$$$$0000000A)
    _main_init                               0x08000139   Thumb Code     0  entry9a.o(.ARM.Collect$$$$0000000B)
    __rt_final_cpp                           0x08000141   Thumb Code     0  entry10a.o(.ARM.Collect$$$$0000000D)
    __rt_final_exit                          0x08000141   Thumb Code     0  entry11a.o(.ARM.Collect$$$$0000000F)
    Reset_Handler                            0x08000145   Thumb Code     8  startup_gd32f30x_hd.o(.text)
    ADC0_1_IRQHandler                        0x0800015f   Thumb Code     0  startup_gd32f30x_hd.o(.text)
    ADC2_IRQHandler                          0x0800015f   Thumb Code     0  startup_gd32f30x_hd.o(.text)
    CAN0_EWMC_IRQHandler                     0x0800015f   Thumb Code     0  startup_gd32f30x_hd.o(.text)
    CAN0_RX1_IRQHandler                      0x0800015f   Thumb Code     0  startup_gd32f30x_hd.o(.text)
    DMA0_Channel0_IRQHandler                 0x0800015f   Thumb Code     0  startup_gd32f30x_hd.o(.text)
    DMA0_Channel1_IRQHandler                 0x0800015f   Thumb Code     0  startup_gd32f30x_hd.o(.text)
    DMA0_Channel2_IRQHandler                 0x0800015f   Thumb Code     0  startup_gd32f30x_hd.o(.text)
    DMA0_Channel3_IRQHandler                 0x0800015f   Thumb Code     0  startup_gd32f30x_hd.o(.text)
    DMA0_Channel4_IRQHandler                 0x0800015f   Thumb Code     0  startup_gd32f30x_hd.o(.text)
    DMA0_Channel5_IRQHandler                 0x0800015f   Thumb Code     0  startup_gd32f30x_hd.o(.text)
    DMA0_Channel6_IRQHandler                 0x0800015f   Thumb Code     0  startup_gd32f30x_hd.o(.text)
    DMA1_Channel0_IRQHandler                 0x0800015f   Thumb Code     0  startup_gd32f30x_hd.o(.text)
    DMA1_Channel1_IRQHandler                 0x0800015f   Thumb Code     0  startup_gd32f30x_hd.o(.text)
    DMA1_Channel2_IRQHandler                 0x0800015f   Thumb Code     0  startup_gd32f30x_hd.o(.text)
    DMA1_Channel3_4_IRQHandler               0x0800015f   Thumb Code     0  startup_gd32f30x_hd.o(.text)
    EXMC_IRQHandler                          0x0800015f   Thumb Code     0  startup_gd32f30x_hd.o(.text)
    EXTI0_IRQHandler                         0x0800015f   Thumb Code     0  startup_gd32f30x_hd.o(.text)
    EXTI1_IRQHandler                         0x0800015f   Thumb Code     0  startup_gd32f30x_hd.o(.text)
    EXTI2_IRQHandler                         0x0800015f   Thumb Code     0  startup_gd32f30x_hd.o(.text)
    EXTI3_IRQHandler                         0x0800015f   Thumb Code     0  startup_gd32f30x_hd.o(.text)
    EXTI4_IRQHandler                         0x0800015f   Thumb Code     0  startup_gd32f30x_hd.o(.text)
    EXTI5_9_IRQHandler                       0x0800015f   Thumb Code     0  startup_gd32f30x_hd.o(.text)
    FMC_IRQHandler                           0x0800015f   Thumb Code     0  startup_gd32f30x_hd.o(.text)
    I2C0_ER_IRQHandler                       0x0800015f   Thumb Code     0  startup_gd32f30x_hd.o(.text)
    I2C0_EV_IRQHandler                       0x0800015f   Thumb Code     0  startup_gd32f30x_hd.o(.text)
    I2C1_ER_IRQHandler                       0x0800015f   Thumb Code     0  startup_gd32f30x_hd.o(.text)
    I2C1_EV_IRQHandler                       0x0800015f   Thumb Code     0  startup_gd32f30x_hd.o(.text)
    LVD_IRQHandler                           0x0800015f   Thumb Code     0  startup_gd32f30x_hd.o(.text)
    RCU_CTC_IRQHandler                       0x0800015f   Thumb Code     0  startup_gd32f30x_hd.o(.text)
    RTC_Alarm_IRQHandler                     0x0800015f   Thumb Code     0  startup_gd32f30x_hd.o(.text)
    RTC_IRQHandler                           0x0800015f   Thumb Code     0  startup_gd32f30x_hd.o(.text)
    SDIO_IRQHandler                          0x0800015f   Thumb Code     0  startup_gd32f30x_hd.o(.text)
    SPI0_IRQHandler                          0x0800015f   Thumb Code     0  startup_gd32f30x_hd.o(.text)
    SPI1_IRQHandler                          0x0800015f   Thumb Code     0  startup_gd32f30x_hd.o(.text)
    SPI2_IRQHandler                          0x0800015f   Thumb Code     0  startup_gd32f30x_hd.o(.text)
    TAMPER_IRQHandler                        0x0800015f   Thumb Code     0  startup_gd32f30x_hd.o(.text)
    TIMER0_BRK_IRQHandler                    0x0800015f   Thumb Code     0  startup_gd32f30x_hd.o(.text)
    TIMER0_Channel_IRQHandler                0x0800015f   Thumb Code     0  startup_gd32f30x_hd.o(.text)
    TIMER0_TRG_CMT_IRQHandler                0x0800015f   Thumb Code     0  startup_gd32f30x_hd.o(.text)
    TIMER1_IRQHandler                        0x0800015f   Thumb Code     0  startup_gd32f30x_hd.o(.text)
    TIMER2_IRQHandler                        0x0800015f   Thumb Code     0  startup_gd32f30x_hd.o(.text)
    TIMER3_IRQHandler                        0x0800015f   Thumb Code     0  startup_gd32f30x_hd.o(.text)
    TIMER4_IRQHandler                        0x0800015f   Thumb Code     0  startup_gd32f30x_hd.o(.text)
    TIMER5_IRQHandler                        0x0800015f   Thumb Code     0  startup_gd32f30x_hd.o(.text)
    TIMER6_IRQHandler                        0x0800015f   Thumb Code     0  startup_gd32f30x_hd.o(.text)
    TIMER7_BRK_IRQHandler                    0x0800015f   Thumb Code     0  startup_gd32f30x_hd.o(.text)
    TIMER7_Channel_IRQHandler                0x0800015f   Thumb Code     0  startup_gd32f30x_hd.o(.text)
    TIMER7_TRG_CMT_IRQHandler                0x0800015f   Thumb Code     0  startup_gd32f30x_hd.o(.text)
    TIMER7_UP_IRQHandler                     0x0800015f   Thumb Code     0  startup_gd32f30x_hd.o(.text)
    UART3_IRQHandler                         0x0800015f   Thumb Code     0  startup_gd32f30x_hd.o(.text)
    UART4_IRQHandler                         0x0800015f   Thumb Code     0  startup_gd32f30x_hd.o(.text)
    USART1_IRQHandler                        0x0800015f   Thumb Code     0  startup_gd32f30x_hd.o(.text)
    USART2_IRQHandler                        0x0800015f   Thumb Code     0  startup_gd32f30x_hd.o(.text)
    USBD_HP_CAN0_TX_IRQHandler               0x0800015f   Thumb Code     0  startup_gd32f30x_hd.o(.text)
    USBD_LP_CAN0_RX0_IRQHandler              0x0800015f   Thumb Code     0  startup_gd32f30x_hd.o(.text)
    USBD_WKUP_IRQHandler                     0x0800015f   Thumb Code     0  startup_gd32f30x_hd.o(.text)
    WWDGT_IRQHandler                         0x0800015f   Thumb Code     0  startup_gd32f30x_hd.o(.text)
    strlen                                   0x08000169   Thumb Code    14  strlen.o(.text)
    __aeabi_uidiv                            0x08000177   Thumb Code     0  uidiv.o(.text)
    __aeabi_uidivmod                         0x08000177   Thumb Code    44  uidiv.o(.text)
    __aeabi_uldivmod                         0x080001a3   Thumb Code    98  uldiv.o(.text)
    __I$use$fp                               0x08000205   Thumb Code     0  iusefp.o(.text)
    __aeabi_dadd                             0x08000205   Thumb Code   322  dadd.o(.text)
    __aeabi_dsub                             0x08000347   Thumb Code     6  dadd.o(.text)
    __aeabi_drsub                            0x0800034d   Thumb Code     6  dadd.o(.text)
    __aeabi_dmul                             0x08000353   Thumb Code   228  dmul.o(.text)
    __aeabi_ddiv                             0x08000437   Thumb Code   222  ddiv.o(.text)
    __aeabi_d2ulz                            0x08000515   Thumb Code    48  dfixul.o(.text)
    __aeabi_cdrcmple                         0x08000545   Thumb Code    48  cdrcmple.o(.text)
    __scatterload                            0x08000575   Thumb Code    28  init.o(.text)
    __scatterload_rt2                        0x08000575   Thumb Code     0  init.o(.text)
    __aeabi_llsl                             0x08000599   Thumb Code    30  llshl.o(.text)
    _ll_shift_l                              0x08000599   Thumb Code     0  llshl.o(.text)
    __aeabi_llsr                             0x080005b7   Thumb Code    32  llushr.o(.text)
    _ll_ushift_r                             0x080005b7   Thumb Code     0  llushr.o(.text)
    __aeabi_lasr                             0x080005d7   Thumb Code    36  llsshr.o(.text)
    _ll_sshift_r                             0x080005d7   Thumb Code     0  llsshr.o(.text)
    _double_round                            0x080005fb   Thumb Code    30  depilogue.o(.text)
    _double_epilogue                         0x08000619   Thumb Code   156  depilogue.o(.text)
    BusFault_Handler                         0x080006b5   Thumb Code     4  gd32f30x_it.o(i.BusFault_Handler)
    DebugMon_Handler                         0x080006b9   Thumb Code     2  gd32f30x_it.o(i.DebugMon_Handler)
    EXTI10_15_IRQHandler                     0x080006bd   Thumb Code    34  key.o(i.EXTI10_15_IRQHandler)
    HardFault_Handler                        0x080006f9   Thumb Code     4  gd32f30x_it.o(i.HardFault_Handler)
    HiLinkUartRcvOneByte                     0x080006fd   Thumb Code   314  hilink_hislip.o(i.HiLinkUartRcvOneByte)
    MemManage_Handler                        0x080008cd   Thumb Code     4  gd32f30x_it.o(i.MemManage_Handler)
    NMI_Handler                              0x080008d1   Thumb Code     2  gd32f30x_it.o(i.NMI_Handler)
    PendSV_Handler                           0x080008fd   Thumb Code     2  gd32f30x_it.o(i.PendSV_Handler)
    SVC_Handler                              0x080008ff   Thumb Code     2  gd32f30x_it.o(i.SVC_Handler)
    SysTick_Handler                          0x08000901   Thumb Code    54  gd32f30x_it.o(i.SysTick_Handler)
    SystemInit                               0x08000941   Thumb Code    54  system_gd32f30x.o(i.SystemInit)
    System_Initializes                       0x08000981   Thumb Code    32  main.o(i.System_Initializes)
    TIMER0_UP_IRQHandler                     0x080009a1   Thumb Code    20  timer.o(i.TIMER0_UP_IRQHandler)
    USART0_IRQHandler                        0x080009b9   Thumb Code   122  uart.o(i.USART0_IRQHandler)
    USART1_DEBUG                             0x08000a55   Thumb Code    82  uart.o(i.USART1_DEBUG)
    UsageFault_Handler                       0x08000aad   Thumb Code     4  gd32f30x_it.o(i.UsageFault_Handler)
    __0printf$bare                           0x08000ab1   Thumb Code     8  printfb.o(i.__0printf$bare)
    __1printf$bare                           0x08000ab1   Thumb Code     0  printfb.o(i.__0printf$bare)
    __2printf                                0x08000ab1   Thumb Code     0  printfb.o(i.__0printf$bare)
    __0vsnprintf                             0x08000ac1   Thumb Code    32  printfa.o(i.__0vsnprintf)
    __1vsnprintf                             0x08000ac1   Thumb Code     0  printfa.o(i.__0vsnprintf)
    __2vsnprintf                             0x08000ac1   Thumb Code     0  printfa.o(i.__0vsnprintf)
    __c89vsnprintf                           0x08000ac1   Thumb Code     0  printfa.o(i.__0vsnprintf)
    vsnprintf                                0x08000ac1   Thumb Code     0  printfa.o(i.__0vsnprintf)
    __scatterload_copy                       0x08000ae5   Thumb Code    14  handlers.o(i.__scatterload_copy)
    __scatterload_null                       0x08000af3   Thumb Code     2  handlers.o(i.__scatterload_null)
    __scatterload_zeroinit                   0x08000af5   Thumb Code    14  handlers.o(i.__scatterload_zeroinit)
    exti_init                                0x080013d1   Thumb Code   178  gd32f30x_exti.o(i.exti_init)
    exti_interrupt_flag_clear                0x08001489   Thumb Code     6  gd32f30x_exti.o(i.exti_interrupt_flag_clear)
    exti_interrupt_flag_get                  0x08001495   Thumb Code    32  gd32f30x_exti.o(i.exti_interrupt_flag_get)
    fputc                                    0x080014b9   Thumb Code    32  main.o(i.fputc)
    gd_eval_com_init                         0x080014dd   Thumb Code   122  uart.o(i.gd_eval_com_init)
    gd_eval_key_init                         0x08001575   Thumb Code    98  key.o(i.gd_eval_key_init)
    gd_eval_led_init                         0x080015f5   Thumb Code    50  led.o(i.gd_eval_led_init)
    gd_eval_led_toggle                       0x08001635   Thumb Code    46  led.o(i.gd_eval_led_toggle)
    gpio_bit_write                           0x0800166d   Thumb Code    10  gd32f30x_gpio.o(i.gpio_bit_write)
    gpio_exti_source_select                  0x08001679   Thumb Code   146  gd32f30x_gpio.o(i.gpio_exti_source_select)
    gpio_init                                0x08001711   Thumb Code   164  gd32f30x_gpio.o(i.gpio_init)
    gpio_input_bit_get                       0x080017b5   Thumb Code    16  gd32f30x_gpio.o(i.gpio_input_bit_get)
    main                                     0x080017c5   Thumb Code    14  main.o(i.main)
    nvic_config                              0x080017e9   Thumb Code    14  timer.o(i.nvic_config)
    nvic_irq_enable                          0x080017f9   Thumb Code   156  gd32f30x_misc.o(i.nvic_irq_enable)
    nvic_priority_group_set                  0x0800189d   Thumb Code    10  gd32f30x_misc.o(i.nvic_priority_group_set)
    rcu_clock_freq_get                       0x080018b1   Thumb Code   310  gd32f30x_rcu.o(i.rcu_clock_freq_get)
    rcu_periph_clock_enable                  0x08001a09   Thumb Code    28  gd32f30x_rcu.o(i.rcu_periph_clock_enable)
    rcu_periph_reset_disable                 0x08001a29   Thumb Code    28  gd32f30x_rcu.o(i.rcu_periph_reset_disable)
    rcu_periph_reset_enable                  0x08001a49   Thumb Code    28  gd32f30x_rcu.o(i.rcu_periph_reset_enable)
    systick_config                           0x08001b81   Thumb Code    74  systick.o(i.systick_config)
    timer_auto_reload_shadow_enable          0x08001bd1   Thumb Code    10  gd32f30x_timer.o(i.timer_auto_reload_shadow_enable)
    timer_config                             0x08001bdd   Thumb Code    88  timer.o(i.timer_config)
    timer_deinit                             0x08001c39   Thumb Code   210  gd32f30x_timer.o(i.timer_deinit)
    timer_enable                             0x08001d15   Thumb Code    10  gd32f30x_timer.o(i.timer_enable)
    timer_init                               0x08001d21   Thumb Code   122  gd32f30x_timer.o(i.timer_init)
    timer_interrupt_disable                  0x08001db9   Thumb Code     8  gd32f30x_timer.o(i.timer_interrupt_disable)
    timer_interrupt_enable                   0x08001dc1   Thumb Code     8  gd32f30x_timer.o(i.timer_interrupt_enable)
    timer_interrupt_flag_clear               0x08001dc9   Thumb Code     8  gd32f30x_timer.o(i.timer_interrupt_flag_clear)
    timer_interrupt_flag_get                 0x08001dd1   Thumb Code    24  gd32f30x_timer.o(i.timer_interrupt_flag_get)
    usart_baudrate_set                       0x08001de9   Thumb Code   140  gd32f30x_usart.o(i.usart_baudrate_set)
    usart_data_receive                       0x08001e7d   Thumb Code    10  gd32f30x_usart.o(i.usart_data_receive)
    usart_data_transmit                      0x08001e87   Thumb Code     8  gd32f30x_usart.o(i.usart_data_transmit)
    usart_deinit                             0x08001e91   Thumb Code   136  gd32f30x_usart.o(i.usart_deinit)
    usart_enable                             0x08001f21   Thumb Code    10  gd32f30x_usart.o(i.usart_enable)
    usart_flag_get                           0x08001f2b   Thumb Code    30  gd32f30x_usart.o(i.usart_flag_get)
    usart_interrupt_disable                  0x08001f49   Thumb Code    26  gd32f30x_usart.o(i.usart_interrupt_disable)
    usart_interrupt_enable                   0x08001f63   Thumb Code    26  gd32f30x_usart.o(i.usart_interrupt_enable)
    usart_interrupt_flag_clear               0x08001f7d   Thumb Code    26  gd32f30x_usart.o(i.usart_interrupt_flag_clear)
    usart_interrupt_flag_get                 0x08001f97   Thumb Code    56  gd32f30x_usart.o(i.usart_interrupt_flag_get)
    usart_receive_config                     0x08001fcf   Thumb Code    16  gd32f30x_usart.o(i.usart_receive_config)
    usart_transmit_config                    0x08001fdf   Thumb Code    16  gd32f30x_usart.o(i.usart_transmit_config)
    user_key_init                            0x08001fef   Thumb Code    12  key.o(i.user_key_init)
    user_led_init                            0x08001ffb   Thumb Code    22  led.o(i.user_led_init)
    user_timer_init                          0x08002011   Thumb Code    12  timer.o(i.user_timer_init)
    user_uart_init                           0x0800201d   Thumb Code    46  uart.o(i.user_uart_init)
    Region$$Table$$Base                      0x08002054   Number         0  anon$$obj.o(Region$$Table)
    Region$$Table$$Limit                     0x08002074   Number         0  anon$$obj.o(Region$$Table)
    Rec_Start_Flag                           0x20000030   Data           1  uart.o(.data)
    Rec_Done_Flag                            0x20000031   Data           1  uart.o(.data)
    tx_buffer                                0x20000032   Data          10  uart.o(.data)
    tx_counter                               0x2000003c   Data           2  uart.o(.data)
    rx_counter                               0x2000003e   Data           2  uart.o(.data)
    nbr_data_to_read                         0x20000040   Data           4  uart.o(.data)
    nbr_data_to_send                         0x20000044   Data           4  uart.o(.data)
    tx_DMA_buffer                            0x20000048   Data          10  uart.o(.data)
    USART1_RX_STA                            0x20000052   Data           2  uart.o(.data)
    SystemCoreClock                          0x200000b4   Data           4  system_gd32f30x.o(.data)
    __stdout                                 0x200000c0   Data           4  stdout.o(.data)
    rx_buffer                                0x200000c4   Data         200  uart.o(.bss)
    USART1_RX_BUF                            0x2000018c   Data         200  uart.o(.bss)
    __initial_sp                             0x20000948   Data           0  startup_gd32f30x_hd.o(STACK)



==============================================================================

Memory Map of the image

  Image Entry point : 0x08000131

  Load Region LR_IROM1 (Base: 0x08000000, Size: 0x00002138, Max: 0x00040000, ABSOLUTE)

    Execution Region ER_IROM1 (Base: 0x08000000, Size: 0x00002074, Max: 0x00040000, ABSOLUTE)

    Base Addr    Size         Type   Attr      Idx    E Section Name        Object

    0x08000000   0x00000130   Data   RO         5261    RESET               startup_gd32f30x_hd.o
    0x08000130   0x00000000   Code   RO         5266  * .ARM.Collect$$$$00000000  mc_w.l(entry.o)
    0x08000130   0x00000004   Code   RO         5565    .ARM.Collect$$$$00000001  mc_w.l(entry2.o)
    0x08000134   0x00000004   Code   RO         5568    .ARM.Collect$$$$00000004  mc_w.l(entry5.o)
    0x08000138   0x00000000   Code   RO         5570    .ARM.Collect$$$$00000008  mc_w.l(entry7b.o)
    0x08000138   0x00000000   Code   RO         5572    .ARM.Collect$$$$0000000A  mc_w.l(entry8b.o)
    0x08000138   0x00000008   Code   RO         5573    .ARM.Collect$$$$0000000B  mc_w.l(entry9a.o)
    0x08000140   0x00000000   Code   RO         5575    .ARM.Collect$$$$0000000D  mc_w.l(entry10a.o)
    0x08000140   0x00000000   Code   RO         5577    .ARM.Collect$$$$0000000F  mc_w.l(entry11a.o)
    0x08000140   0x00000004   Code   RO         5566    .ARM.Collect$$$$00002712  mc_w.l(entry2.o)
    0x08000144   0x00000024   Code   RO         5262    .text               startup_gd32f30x_hd.o
    0x08000168   0x0000000e   Code   RO         5273    .text               mc_w.l(strlen.o)
    0x08000176   0x0000002c   Code   RO         5580    .text               mc_w.l(uidiv.o)
    0x080001a2   0x00000062   Code   RO         5582    .text               mc_w.l(uldiv.o)
    0x08000204   0x00000000   Code   RO         5586    .text               mc_w.l(iusefp.o)
    0x08000204   0x0000014e   Code   RO         5587    .text               mf_w.l(dadd.o)
    0x08000352   0x000000e4   Code   RO         5589    .text               mf_w.l(dmul.o)
    0x08000436   0x000000de   Code   RO         5591    .text               mf_w.l(ddiv.o)
    0x08000514   0x00000030   Code   RO         5593    .text               mf_w.l(dfixul.o)
    0x08000544   0x00000030   Code   RO         5595    .text               mf_w.l(cdrcmple.o)
    0x08000574   0x00000024   Code   RO         5597    .text               mc_w.l(init.o)
    0x08000598   0x0000001e   Code   RO         5599    .text               mc_w.l(llshl.o)
    0x080005b6   0x00000020   Code   RO         5601    .text               mc_w.l(llushr.o)
    0x080005d6   0x00000024   Code   RO         5603    .text               mc_w.l(llsshr.o)
    0x080005fa   0x000000ba   Code   RO         5605    .text               mf_w.l(depilogue.o)
    0x080006b4   0x00000004   Code   RO          174    i.BusFault_Handler  gd32f30x_it.o
    0x080006b8   0x00000002   Code   RO          175    i.DebugMon_Handler  gd32f30x_it.o
    0x080006ba   0x00000002   PAD
    0x080006bc   0x0000003c   Code   RO          440    i.EXTI10_15_IRQHandler  key.o
    0x080006f8   0x00000004   Code   RO          177    i.HardFault_Handler  gd32f30x_it.o
    0x080006fc   0x0000014c   Code   RO         4642    i.HiLinkUartRcvOneByte  hilink_hislip.o
    0x08000848   0x00000084   Code   RO         4653    i.HiSlipProcessEnd  hilink_hislip.o
    0x080008cc   0x00000004   Code   RO          178    i.MemManage_Handler  gd32f30x_it.o
    0x080008d0   0x00000002   Code   RO          179    i.NMI_Handler       gd32f30x_it.o
    0x080008d2   0x00000002   PAD
    0x080008d4   0x00000028   Code   RO          269    i.NVIC_SetPriority  systick.o
    0x080008fc   0x00000002   Code   RO          180    i.PendSV_Handler    gd32f30x_it.o
    0x080008fe   0x00000002   Code   RO          181    i.SVC_Handler       gd32f30x_it.o
    0x08000900   0x00000040   Code   RO          182    i.SysTick_Handler   gd32f30x_it.o
    0x08000940   0x00000040   Code   RO          525    i.SystemInit        system_gd32f30x.o
    0x08000980   0x00000020   Code   RO            3    i.System_Initializes  main.o
    0x080009a0   0x00000018   Code   RO          486    i.TIMER0_UP_IRQHandler  timer.o
    0x080009b8   0x0000009c   Code   RO          324    i.USART0_IRQHandler  uart.o
    0x08000a54   0x00000058   Code   RO          325    i.USART1_DEBUG      uart.o
    0x08000aac   0x00000004   Code   RO          183    i.UsageFault_Handler  gd32f30x_it.o
    0x08000ab0   0x00000010   Code   RO         5278    i.__0printf$bare    mc_w.l(printfb.o)
    0x08000ac0   0x00000024   Code   RO         5515    i.__0vsnprintf      mc_w.l(printfa.o)
    0x08000ae4   0x0000000e   Code   RO         5609    i.__scatterload_copy  mc_w.l(handlers.o)
    0x08000af2   0x00000002   Code   RO         5610    i.__scatterload_null  mc_w.l(handlers.o)
    0x08000af4   0x0000000e   Code   RO         5611    i.__scatterload_zeroinit  mc_w.l(handlers.o)
    0x08000b02   0x00000002   PAD
    0x08000b04   0x00000164   Code   RO         5517    i._fp_digits        mc_w.l(printfa.o)
    0x08000c68   0x00000022   Code   RO         5285    i._printf_core      mc_w.l(printfb.o)
    0x08000c8a   0x00000002   PAD
    0x08000c8c   0x000006dc   Code   RO         5518    i._printf_core      mc_w.l(printfa.o)
    0x08001368   0x00000024   Code   RO         5519    i._printf_post_padding  mc_w.l(printfa.o)
    0x0800138c   0x0000002e   Code   RO         5520    i._printf_pre_padding  mc_w.l(printfa.o)
    0x080013ba   0x00000016   Code   RO         5521    i._snputc           mc_w.l(printfa.o)
    0x080013d0   0x000000b8   Code   RO         1958    i.exti_init         gd32f30x_exti.o
    0x08001488   0x0000000c   Code   RO         1961    i.exti_interrupt_flag_clear  gd32f30x_exti.o
    0x08001494   0x00000024   Code   RO         1962    i.exti_interrupt_flag_get  gd32f30x_exti.o
    0x080014b8   0x00000024   Code   RO            5    i.fputc             main.o
    0x080014dc   0x00000098   Code   RO          326    i.gd_eval_com_init  uart.o
    0x08001574   0x00000080   Code   RO          441    i.gd_eval_key_init  key.o
    0x080015f4   0x00000040   Code   RO          388    i.gd_eval_led_init  led.o
    0x08001634   0x00000038   Code   RO          391    i.gd_eval_led_toggle  led.o
    0x0800166c   0x0000000a   Code   RO         2310    i.gpio_bit_write    gd32f30x_gpio.o
    0x08001676   0x00000002   PAD
    0x08001678   0x00000098   Code   RO         2317    i.gpio_exti_source_select  gd32f30x_gpio.o
    0x08001710   0x000000a4   Code   RO         2318    i.gpio_init         gd32f30x_gpio.o
    0x080017b4   0x00000010   Code   RO         2319    i.gpio_input_bit_get  gd32f30x_gpio.o
    0x080017c4   0x00000024   Code   RO            6    i.main              main.o
    0x080017e8   0x0000000e   Code   RO          487    i.nvic_config       timer.o
    0x080017f6   0x00000002   PAD
    0x080017f8   0x000000a4   Code   RO         2633    i.nvic_irq_enable   gd32f30x_misc.o
    0x0800189c   0x00000014   Code   RO         2634    i.nvic_priority_group_set  gd32f30x_misc.o
    0x080018b0   0x00000158   Code   RO         2831    i.rcu_clock_freq_get  gd32f30x_rcu.o
    0x08001a08   0x00000020   Code   RO         2849    i.rcu_periph_clock_enable  gd32f30x_rcu.o
    0x08001a28   0x00000020   Code   RO         2852    i.rcu_periph_reset_disable  gd32f30x_rcu.o
    0x08001a48   0x00000020   Code   RO         2853    i.rcu_periph_reset_enable  gd32f30x_rcu.o
    0x08001a68   0x00000110   Code   RO          526    i.system_clock_120m_hxtal  system_gd32f30x.o
    0x08001b78   0x00000008   Code   RO          527    i.system_clock_config  system_gd32f30x.o
    0x08001b80   0x00000050   Code   RO          274    i.systick_config    systick.o
    0x08001bd0   0x0000000a   Code   RO         3707    i.timer_auto_reload_shadow_enable  gd32f30x_timer.o
    0x08001bda   0x00000002   PAD
    0x08001bdc   0x0000005c   Code   RO          488    i.timer_config      timer.o
    0x08001c38   0x000000dc   Code   RO         3734    i.timer_deinit      gd32f30x_timer.o
    0x08001d14   0x0000000a   Code   RO         3739    i.timer_enable      gd32f30x_timer.o
    0x08001d1e   0x00000002   PAD
    0x08001d20   0x00000098   Code   RO         3749    i.timer_init        gd32f30x_timer.o
    0x08001db8   0x00000008   Code   RO         3755    i.timer_interrupt_disable  gd32f30x_timer.o
    0x08001dc0   0x00000008   Code   RO         3756    i.timer_interrupt_enable  gd32f30x_timer.o
    0x08001dc8   0x00000008   Code   RO         3757    i.timer_interrupt_flag_clear  gd32f30x_timer.o
    0x08001dd0   0x00000018   Code   RO         3758    i.timer_interrupt_flag_get  gd32f30x_timer.o
    0x08001de8   0x00000094   Code   RO         4126    i.usart_baudrate_set  gd32f30x_usart.o
    0x08001e7c   0x0000000a   Code   RO         4129    i.usart_data_receive  gd32f30x_usart.o
    0x08001e86   0x00000008   Code   RO         4130    i.usart_data_transmit  gd32f30x_usart.o
    0x08001e8e   0x00000002   PAD
    0x08001e90   0x00000090   Code   RO         4131    i.usart_deinit      gd32f30x_usart.o
    0x08001f20   0x0000000a   Code   RO         4135    i.usart_enable      gd32f30x_usart.o
    0x08001f2a   0x0000001e   Code   RO         4137    i.usart_flag_get    gd32f30x_usart.o
    0x08001f48   0x0000001a   Code   RO         4143    i.usart_interrupt_disable  gd32f30x_usart.o
    0x08001f62   0x0000001a   Code   RO         4144    i.usart_interrupt_enable  gd32f30x_usart.o
    0x08001f7c   0x0000001a   Code   RO         4145    i.usart_interrupt_flag_clear  gd32f30x_usart.o
    0x08001f96   0x00000038   Code   RO         4146    i.usart_interrupt_flag_get  gd32f30x_usart.o
    0x08001fce   0x00000010   Code   RO         4159    i.usart_receive_config  gd32f30x_usart.o
    0x08001fde   0x00000010   Code   RO         4173    i.usart_transmit_config  gd32f30x_usart.o
    0x08001fee   0x0000000c   Code   RO          443    i.user_key_init     key.o
    0x08001ffa   0x00000016   Code   RO          393    i.user_led_init     led.o
    0x08002010   0x0000000c   Code   RO          489    i.user_timer_init   timer.o
    0x0800201c   0x00000038   Code   RO          329    i.user_uart_init    uart.o
    0x08002054   0x00000020   Data   RO         5607    Region$$Table       anon$$obj.o


    Execution Region RW_IRAM1 (Base: 0x20000000, Size: 0x00000948, Max: 0x0000c000, ABSOLUTE)

    Base Addr    Size         Type   Attr      Idx    E Section Name        Object

    0x20000000   0x00000010   Data   RW          184    .data               gd32f30x_it.o
    0x20000010   0x00000044   Data   RW          331    .data               uart.o
    0x20000054   0x00000028   Data   RW          394    .data               led.o
    0x2000007c   0x00000035   Data   RW          445    .data               key.o
    0x200000b1   0x00000003   PAD
    0x200000b4   0x00000004   Data   RW          528    .data               system_gd32f30x.o
    0x200000b8   0x00000008   Data   RW         4664    .data               hilink_hislip.o
    0x200000c0   0x00000004   Data   RW         5579    .data               mc_w.l(stdout.o)
    0x200000c4   0x00000190   Zero   RW          330    .bss                uart.o
    0x20000254   0x000002f4   Zero   RW         4662    .bss                hilink_hislip.o
    0x20000548   0x00000400   Zero   RW         5259    STACK               startup_gd32f30x_hd.o


==============================================================================

Image component sizes


      Code (inc. data)   RO Data    RW Data    ZI Data      Debug   Object Name

       232         16          0          0          0       6318   gd32f30x_exti.o
       342          6          0          0          0      13824   gd32f30x_gpio.o
        88         10          0         16          0       4294   gd32f30x_it.o
       184         18          0          0          0       1436   gd32f30x_misc.o
       440         46          0          0          0      20196   gd32f30x_rcu.o
       440         40          0          0          0      20888   gd32f30x_timer.o
       516         16          0          0          0      14493   gd32f30x_usart.o
       464         34          0          8        756       2123   hilink_hislip.o
       200         56          0         53          0       2254   key.o
       142         24          0         40          0       2012   led.o
       104         26          0          0          0      57032   main.o
        36          8        304          0       1024        872   startup_gd32f30x_hd.o
       344         26          0          4          0       1983   system_gd32f30x.o
       120         14          0          0          0      25000   systick.o
       142          8          0          0          0       1830   timer.o
       452         80          0         68        400       4252   uart.o

    ----------------------------------------------------------------------
      4260        428        336        192       2180     178807   Object Totals
         0          0         32          0          0          0   (incl. Generated)
        14          0          0          3          0          0   (incl. Padding)

    ----------------------------------------------------------------------

      Code (inc. data)   RO Data    RW Data    ZI Data      Debug   Library Member Name

         0          0          0          0          0          0   entry.o
         0          0          0          0          0          0   entry10a.o
         0          0          0          0          0          0   entry11a.o
         8          4          0          0          0          0   entry2.o
         4          0          0          0          0          0   entry5.o
         0          0          0          0          0          0   entry7b.o
         0          0          0          0          0          0   entry8b.o
         8          4          0          0          0          0   entry9a.o
        30          0          0          0          0          0   handlers.o
        36          8          0          0          0         68   init.o
         0          0          0          0          0          0   iusefp.o
        30          0          0          0          0         68   llshl.o
        36          0          0          0          0         68   llsshr.o
        32          0          0          0          0         68   llushr.o
      2252         84          0          0          0        508   printfa.o
        50          8          0          0          0        152   printfb.o
         0          0          0          4          0          0   stdout.o
        14          0          0          0          0         68   strlen.o
        44          0          0          0          0         80   uidiv.o
        98          0          0          0          0         92   uldiv.o
        48          0          0          0          0         68   cdrcmple.o
       334          0          0          0          0        148   dadd.o
       222          0          0          0          0        100   ddiv.o
       186          0          0          0          0        176   depilogue.o
        48          0          0          0          0         68   dfixul.o
       228          0          0          0          0         96   dmul.o

    ----------------------------------------------------------------------
      3712        108          0          4          0       1828   Library Totals
         4          0          0          0          0          0   (incl. Padding)

    ----------------------------------------------------------------------

      Code (inc. data)   RO Data    RW Data    ZI Data      Debug   Library Name

      2642        108          0          4          0       1172   mc_w.l
      1066          0          0          0          0        656   mf_w.l

    ----------------------------------------------------------------------
      3712        108          0          4          0       1828   Library Totals

    ----------------------------------------------------------------------

==============================================================================


      Code (inc. data)   RO Data    RW Data    ZI Data      Debug   

      7972        536        336        196       2180     176575   Grand Totals
      7972        536        336        196       2180     176575   ELF Image Totals
      7972        536        336        196          0          0   ROM Totals

==============================================================================

    Total RO  Size (Code + RO Data)                 8308 (   8.11kB)
    Total RW  Size (RW Data + ZI Data)              2376 (   2.32kB)
    Total ROM Size (Code + RO Data + RW Data)       8504 (   8.30kB)

==============================================================================

